Component: ARM Compiler 5.06 update 5 (build 528) Tool: armlink [4d35e2]

==============================================================================

Section Cross References

    startup_stm32f10x_md.o(STACK) refers (Special) to heapauxi.o(.text) for __use_two_region_memory
    startup_stm32f10x_md.o(HEAP) refers (Special) to heapauxi.o(.text) for __use_two_region_memory
    startup_stm32f10x_md.o(RESET) refers (Special) to heapauxi.o(.text) for __use_two_region_memory
    startup_stm32f10x_md.o(RESET) refers to startup_stm32f10x_md.o(STACK) for __initial_sp
    startup_stm32f10x_md.o(RESET) refers to startup_stm32f10x_md.o(.text) for Reset_Handler
    startup_stm32f10x_md.o(RESET) refers to stm32f10x_it.o(i.NMI_Handler) for NMI_Handler
    startup_stm32f10x_md.o(RESET) refers to stm32f10x_it.o(i.HardFault_Handler) for HardFault_Handler
    startup_stm32f10x_md.o(RESET) refers to stm32f10x_it.o(i.MemManage_Handler) for MemManage_Handler
    startup_stm32f10x_md.o(RESET) refers to stm32f10x_it.o(i.BusFault_Handler) for BusFault_Handler
    startup_stm32f10x_md.o(RESET) refers to stm32f10x_it.o(i.UsageFault_Handler) for UsageFault_Handler
    startup_stm32f10x_md.o(RESET) refers to stm32f10x_it.o(i.SVC_Handler) for SVC_Handler
    startup_stm32f10x_md.o(RESET) refers to stm32f10x_it.o(i.DebugMon_Handler) for DebugMon_Handler
    startup_stm32f10x_md.o(RESET) refers to stm32f10x_it.o(i.PendSV_Handler) for PendSV_Handler
    startup_stm32f10x_md.o(RESET) refers to stm32f10x_it.o(i.SysTick_Handler) for SysTick_Handler
    startup_stm32f10x_md.o(RESET) refers to mydma.o(i.DMA1_Channel5_IRQHandler) for DMA1_Channel5_IRQHandler
    startup_stm32f10x_md.o(RESET) refers to serial.o(i.USART2_IRQHandler) for USART2_IRQHandler
    startup_stm32f10x_md.o(.text) refers (Special) to heapauxi.o(.text) for __use_two_region_memory
    startup_stm32f10x_md.o(.text) refers to system_stm32f10x.o(i.SystemInit) for SystemInit
    startup_stm32f10x_md.o(.text) refers to __main.o(!!!main) for __main
    startup_stm32f10x_md.o(.text) refers to startup_stm32f10x_md.o(HEAP) for Heap_Mem
    startup_stm32f10x_md.o(.text) refers to startup_stm32f10x_md.o(STACK) for Stack_Mem
    system_stm32f10x.o(i.SetSysClock) refers to system_stm32f10x.o(i.SetSysClockTo72) for SetSysClockTo72
    system_stm32f10x.o(i.SystemCoreClockUpdate) refers to system_stm32f10x.o(.data) for SystemCoreClock
    system_stm32f10x.o(i.SystemInit) refers to system_stm32f10x.o(i.SetSysClock) for SetSysClock
    stm32f10x_adc.o(i.ADC_DeInit) refers to stm32f10x_rcc.o(i.RCC_APB2PeriphResetCmd) for RCC_APB2PeriphResetCmd
    stm32f10x_bkp.o(i.BKP_DeInit) refers to stm32f10x_rcc.o(i.RCC_BackupResetCmd) for RCC_BackupResetCmd
    stm32f10x_can.o(i.CAN_DeInit) refers to stm32f10x_rcc.o(i.RCC_APB1PeriphResetCmd) for RCC_APB1PeriphResetCmd
    stm32f10x_can.o(i.CAN_GetITStatus) refers to stm32f10x_can.o(i.CheckITStatus) for CheckITStatus
    stm32f10x_cec.o(i.CEC_DeInit) refers to stm32f10x_rcc.o(i.RCC_APB1PeriphResetCmd) for RCC_APB1PeriphResetCmd
    stm32f10x_dac.o(i.DAC_DeInit) refers to stm32f10x_rcc.o(i.RCC_APB1PeriphResetCmd) for RCC_APB1PeriphResetCmd
    stm32f10x_flash.o(i.FLASH_EnableWriteProtection) refers to stm32f10x_flash.o(i.FLASH_WaitForLastOperation) for FLASH_WaitForLastOperation
    stm32f10x_flash.o(i.FLASH_EraseAllBank1Pages) refers to stm32f10x_flash.o(i.FLASH_WaitForLastBank1Operation) for FLASH_WaitForLastBank1Operation
    stm32f10x_flash.o(i.FLASH_EraseAllPages) refers to stm32f10x_flash.o(i.FLASH_WaitForLastOperation) for FLASH_WaitForLastOperation
    stm32f10x_flash.o(i.FLASH_EraseOptionBytes) refers to stm32f10x_flash.o(i.FLASH_GetReadOutProtectionStatus) for FLASH_GetReadOutProtectionStatus
    stm32f10x_flash.o(i.FLASH_EraseOptionBytes) refers to stm32f10x_flash.o(i.FLASH_WaitForLastOperation) for FLASH_WaitForLastOperation
    stm32f10x_flash.o(i.FLASH_ErasePage) refers to stm32f10x_flash.o(i.FLASH_WaitForLastOperation) for FLASH_WaitForLastOperation
    stm32f10x_flash.o(i.FLASH_ProgramHalfWord) refers to stm32f10x_flash.o(i.FLASH_WaitForLastOperation) for FLASH_WaitForLastOperation
    stm32f10x_flash.o(i.FLASH_ProgramOptionByteData) refers to stm32f10x_flash.o(i.FLASH_WaitForLastOperation) for FLASH_WaitForLastOperation
    stm32f10x_flash.o(i.FLASH_ProgramWord) refers to stm32f10x_flash.o(i.FLASH_WaitForLastOperation) for FLASH_WaitForLastOperation
    stm32f10x_flash.o(i.FLASH_ReadOutProtection) refers to stm32f10x_flash.o(i.FLASH_WaitForLastOperation) for FLASH_WaitForLastOperation
    stm32f10x_flash.o(i.FLASH_UserOptionByteConfig) refers to stm32f10x_flash.o(i.FLASH_WaitForLastOperation) for FLASH_WaitForLastOperation
    stm32f10x_flash.o(i.FLASH_WaitForLastBank1Operation) refers to stm32f10x_flash.o(i.FLASH_GetBank1Status) for FLASH_GetBank1Status
    stm32f10x_flash.o(i.FLASH_WaitForLastOperation) refers to stm32f10x_flash.o(i.FLASH_GetBank1Status) for FLASH_GetBank1Status
[...]
    ../fplib/daddsub.s                       0x00000000   Number         0  daddsub_clz.o ABSOLUTE
    ../fplib/dcheck1.s                       0x00000000   Number         0  dcheck1.o ABSOLUTE
    ../fplib/dcmpi.s                         0x00000000   Number         0  dcmpi.o ABSOLUTE
    ../fplib/ddiv.s                          0x00000000   Number         0  ddiv.o ABSOLUTE
    ../fplib/dfix.s                          0x00000000   Number         0  dfix.o ABSOLUTE
    ../fplib/dfixu.s                         0x00000000   Number         0  dfixu.o ABSOLUTE
    ../fplib/dflt.s                          0x00000000   Number         0  dflt_clz.o ABSOLUTE
    ../fplib/dleqf.s                         0x00000000   Number         0  dleqf.o ABSOLUTE
    ../fplib/dmul.s                          0x00000000   Number         0  dmul.o ABSOLUTE
    ../fplib/dnaninf.s                       0x00000000   Number         0  dnaninf.o ABSOLUTE
    ../fplib/dretinf.s                       0x00000000   Number         0  dretinf.o ABSOLUTE
    ../fplib/drleqf.s                        0x00000000   Number         0  drleqf.o ABSOLUTE
    ../fplib/dsqrt.s                         0x00000000   Number         0  dsqrt_noumaal.o ABSOLUTE
    ../fplib/ffixu.s                         0x00000000   Number         0  ffixu.o ABSOLUTE
    ../fplib/fmul.s                          0x00000000   Number         0  fmul.o ABSOLUTE
    ../fplib/fnaninf.s                       0x00000000   Number         0  fnaninf.o ABSOLUTE
    ../fplib/fpinit.s                        0x00000000   Number         0  fpinit.o ABSOLUTE
    ../fplib/fretinf.s                       0x00000000   Number         0  fretinf.o ABSOLUTE
    ../fplib/retnan.s                        0x00000000   Number         0  retnan.o ABSOLUTE
    ../fplib/scalbn.s                        0x00000000   Number         0  scalbn.o ABSOLUTE
    ../fplib/trapv.s                         0x00000000   Number         0  trapv.o ABSOLUTE
    ../fplib/usenofp.s                       0x00000000   Number         0  usenofp.o ABSOLUTE
    ../mathlib/atan.c                        0x00000000   Number         0  atan.o ABSOLUTE
    ../mathlib/atan.c                        0x00000000   Number         0  atan_x.o ABSOLUTE
    ../mathlib/atan2.c                       0x00000000   Number         0  atan2_x.o ABSOLUTE
    ../mathlib/atan2.c                       0x00000000   Number         0  atan2.o ABSOLUTE
    ../mathlib/cos.c                         0x00000000   Number         0  cos_x.o ABSOLUTE
    ../mathlib/cos.c                         0x00000000   Number         0  cos.o ABSOLUTE
    ../mathlib/cos_i.c                       0x00000000   Number         0  cos_i.o ABSOLUTE
    ../mathlib/dunder.c                      0x00000000   Number         0  dunder.o ABSOLUTE
    ../mathlib/fpclassify.c                  0x00000000   Number         0  fpclassify.o ABSOLUTE
    ../mathlib/poly.c                        0x00000000   Number         0  poly.o ABSOLUTE
    ../mathlib/qnan.c                        0x00000000   Number         0  qnan.o ABSOLUTE
    ../mathlib/rred.c                        0x00000000   Number         0  rred.o ABSOLUTE
    ../mathlib/sin.c                         0x00000000   Number         0  sin_x.o ABSOLUTE
    ../mathlib/sin.c                         0x00000000   Number         0  sin.o ABSOLUTE
    ../mathlib/sin_i.c                       0x00000000   Number         0  sin_i_x.o ABSOLUTE
    ../mathlib/sin_i.c                       0x00000000   Number         0  sin_i.o ABSOLUTE
    ../mathlib/sqrt.c                        0x00000000   Number         0  sqrt.o ABSOLUTE
    ../mathlib/sqrt.c                        0x00000000   Number         0  sqrt_x.o ABSOLUTE
    Hardware\ATGM336H.c                      0x00000000   Number         0  atgm336h.o ABSOLUTE
    Hardware\Azimuth.c                       0x00000000   Number         0  azimuth.o ABSOLUTE
    Hardware\BlueTooth.c                     0x00000000   Number         0  bluetooth.o ABSOLUTE
    Hardware\Key.c                           0x00000000   Number         0  key.o ABSOLUTE
    Hardware\LED.c                           0x00000000   Number         0  led.o ABSOLUTE
    Hardware\MPU6050.c                       0x00000000   Number         0  mpu6050.o ABSOLUTE
    Hardware\MyDMA.c                         0x00000000   Number         0  mydma.o ABSOLUTE
    Hardware\OLED.c                          0x00000000   Number         0  oled.o ABSOLUTE
    Hardware\PWM.c                           0x00000000   Number         0  pwm.o ABSOLUTE
    Hardware\Serial.c                        0x00000000   Number         0  serial.o ABSOLUTE
    Hardware\Servo.c                         0x00000000   Number         0  servo.o ABSOLUTE
    Library\misc.c                           0x00000000   Number         0  misc.o ABSOLUTE
    Library\stm32f10x_adc.c                  0x00000000   Number         0  stm32f10x_adc.o ABSOLUTE
    Library\stm32f10x_bkp.c                  0x00000000   Number         0  stm32f10x_bkp.o ABSOLUTE
    Library\stm32f10x_can.c                  0x00000000   Number         0  stm32f10x_can.o ABSOLUTE
    Library\stm32f10x_cec.c                  0x00000000   Number         0  stm32f10x_cec.o ABSOLUTE
    Library\stm32f10x_crc.c                  0x00000000   Number         0  stm32f10x_crc.o ABSOLUTE
    Library\stm32f10x_dac.c                  0x00000000   Number         0  stm32f10x_dac.o ABSOLUTE
    Library\stm32f10x_dbgmcu.c               0x00000000   Number         0  stm32f10x_dbgmcu.o ABSOLUTE
    Library\stm32f10x_dma.c                  0x00000000   Number         0  stm32f10x_dma.o ABSOLUTE
    Library\stm32f10x_exti.c                 0x00000000   Number         0  stm32f10x_exti.o ABSOLUTE
    Library\stm32f10x_flash.c                0x00000000   Number         0  stm32f10x_flash.o ABSOLUTE
    Library\stm32f10x_fsmc.c                 0x00000000   Number         0  stm32f10x_fsmc.o ABSOLUTE
    Library\stm32f10x_gpio.c                 0x00000000   Number         0  stm32f10x_gpio.o ABSOLUTE
    Library\stm32f10x_i2c.c                  0x00000000   Number         0  stm32f10x_i2c.o ABSOLUTE
    Library\stm32f10x_iwdg.c                 0x00000000   Number         0  stm32f10x_iwdg.o ABSOLUTE
    Library\stm32f10x_pwr.c                  0x00000000   Number         0  stm32f10x_pwr.o ABSOLUTE
    Library\stm32f10x_rcc.c                  0x00000000   Number         0  stm32f10x_rcc.o ABSOLUTE
    Library\stm32f10x_rtc.c                  0x00000000   Number         0  stm32f10x_rtc.o ABSOLUTE
    Library\stm32f10x_sdio.c                 0x00000000   Number         0  stm32f10x_sdio.o ABSOLUTE
    Library\stm32f10x_spi.c                  0x00000000   Number         0  stm32f10x_spi.o ABSOLUTE
    Library\stm32f10x_tim.c                  0x00000000   Number         0  stm32f10x_tim.o ABSOLUTE
    Library\stm32f10x_usart.c                0x00000000   Number         0  stm32f10x_usart.o ABSOLUTE
    Library\stm32f10x_wwdg.c                 0x00000000   Number         0  stm32f10x_wwdg.o ABSOLUTE
    Start\\core_cm3.c                        0x00000000   Number         0  core_cm3.o ABSOLUTE
    Start\core_cm3.c                         0x00000000   Number         0  core_cm3.o ABSOLUTE
    Start\startup_stm32f10x_md.s             0x00000000   Number         0  startup_stm32f10x_md.o ABSOLUTE
    Start\system_stm32f10x.c                 0x00000000   Number         0  system_stm32f10x.o ABSOLUTE
    System\Delay.c                           0x00000000   Number         0  delay.o ABSOLUTE
    User\main.c                              0x00000000   Number         0  main.o ABSOLUTE
    User\stm32f10x_it.c                      0x00000000   Number         0  stm32f10x_it.o ABSOLUTE
    dc.s                                     0x00000000   Number         0  dc.o ABSOLUTE
    RESET                                    0x08000000   Section      236  startup_stm32f10x_md.o(RESET)
    !!!main                                  0x080000ec   Section        8  __main.o(!!!main)
    !!!scatter                               0x080000f4   Section       52  __scatter.o(!!!scatter)
    !!handler_copy                           0x08000128   Section       26  __scatter_copy.o(!!handler_copy)
    !!handler_zi                             0x08000144   Section       28  __scatter_zi.o(!!handler_zi)
    .ARM.Collect$$libinit$$00000000          0x08000160   Section        2  libinit.o(.ARM.Collect$$libinit$$00000000)
    .ARM.Collect$$libinit$$00000002          0x08000162   Section        0  libinit2.o(.ARM.Collect$$libinit$$00000002)
    .ARM.Collect$$libinit$$00000004          0x08000162   Section        0  libinit2.o(.ARM.Collect$$libinit$$00000004)
    .ARM.Collect$$libinit$$0000000A          0x08000162   Section        0  libinit2.o(.ARM.Collect$$libinit$$0000000A)
    .ARM.Collect$$libinit$$0000000C          0x08000162   Section        0  libinit2.o(.ARM.Collect$$libinit$$0000000C)
    .ARM.Collect$$libinit$$0000000E          0x08000162   Section        0  libinit2.o(.ARM.Collect$$libinit$$0000000E)
    .ARM.Collect$$libinit$$00000011          0x08000162   Section        0  libinit2.o(.ARM.Collect$$libinit$$00000011)
    .ARM.Collect$$libinit$$00000013          0x08000162   Section        0  libinit2.o(.ARM.Collect$$libinit$$00000013)
    .ARM.Collect$$libinit$$00000015          0x08000162   Section        0  libinit2.o(.ARM.Collect$$libinit$$00000015)
    .ARM.Collect$$libinit$$00000017          0x08000162   Section        0  libinit2.o(.ARM.Collect$$libinit$$00000017)
    .ARM.Collect$$libinit$$00000019          0x08000162   Section        0  libinit2.o(.ARM.Collect$$libinit$$00000019)
    .ARM.Collect$$libinit$$0000001B          0x08000162   Section        0  libinit2.o(.ARM.Collect$$libinit$$0000001B)
    .ARM.Collect$$libinit$$0000001D          0x08000162   Section        0  libinit2.o(.ARM.Collect$$libinit$$0000001D)
    .ARM.Collect$$libinit$$0000001F          0x08000162   Section        0  libinit2.o(.ARM.Collect$$libinit$$0000001F)
    .ARM.Collect$$libinit$$00000021          0x08000162   Section        0  libinit2.o(.ARM.Collect$$libinit$$00000021)
    .ARM.Collect$$libinit$$00000023          0x08000162   Section        0  libinit2.o(.ARM.Collect$$libinit$$00000023)
    .ARM.Collect$$libinit$$00000025          0x08000162   Section        0  libinit2.o(.ARM.Collect$$libinit$$00000025)
    .ARM.Collect$$libinit$$0000002C          0x08000162   Section        0  libinit2.o(.ARM.Collect$$libinit$$0000002C)
    .ARM.Collect$$libinit$$0000002E          0x08000162   Section        0  libinit2.o(.ARM.Collect$$libinit$$0000002E)
    .ARM.Collect$$libinit$$00000030          0x08000162   Section        0  libinit2.o(.ARM.Collect$$libinit$$00000030)
    .ARM.Collect$$libinit$$00000032          0x08000162   Section        0  libinit2.o(.ARM.Collect$$libinit$$00000032)
    .ARM.Collect$$libinit$$00000033          0x08000162   Section        2  libinit2.o(.ARM.Collect$$libinit$$00000033)
    .ARM.Collect$$libshutdown$$00000000      0x08000164   Section        2  libshutdown.o(.ARM.Collect$$libshutdown$$00000000)
    .ARM.Collect$$libshutdown$$00000002      0x08000166   Section        0  libshutdown2.o(.ARM.Collect$$libshutdown$$00000002)
    .ARM.Collect$$libshutdown$$00000004      0x08000166   Section        0  libshutdown2.o(.ARM.Collect$$libshutdown$$00000004)
    .ARM.Collect$$libshutdown$$00000007      0x08000166   Section        0  libshutdown2.o(.ARM.Collect$$libshutdown$$00000007)
    .ARM.Collect$$libshutdown$$0000000A      0x08000166   Section        0  libshutdown2.o(.ARM.Collect$$libshutdown$$0000000A)
    .ARM.Collect$$libshutdown$$0000000C      0x08000166   Section        0  libshutdown2.o(.ARM.Collect$$libshutdown$$0000000C)
    .ARM.Collect$$libshutdown$$0000000F      0x08000166   Section        0  libshutdown2.o(.ARM.Collect$$libshutdown$$0000000F)
    .ARM.Collect$$libshutdown$$00000010      0x08000166   Section        2  libshutdown2.o(.ARM.Collect$$libshutdown$$00000010)
    .ARM.Collect$$rtentry$$00000000          0x08000168   Section        0  __rtentry.o(.ARM.Collect$$rtentry$$00000000)
    .ARM.Collect$$rtentry$$00000002          0x08000168   Section        0  __rtentry2.o(.ARM.Collect$$rtentry$$00000002)
    .ARM.Collect$$rtentry$$00000004          0x08000168   Section        6  __rtentry4.o(.ARM.Collect$$rtentry$$00000004)
    .ARM.Collect$$rtentry$$00000009          0x0800016e   Section        0  __rtentry2.o(.ARM.Collect$$rtentry$$00000009)
    .ARM.Collect$$rtentry$$0000000A          0x0800016e   Section        4  __rtentry2.o(.ARM.Collect$$rtentry$$0000000A)
    .ARM.Collect$$rtentry$$0000000C          0x08000172   Section        0  __rtentry2.o(.ARM.Collect$$rtentry$$0000000C)
    .ARM.Collect$$rtentry$$0000000D          0x08000172   Section        8  __rtentry2.o(.ARM.Collect$$rtentry$$0000000D)
    .ARM.Collect$$rtexit$$00000000           0x0800017a   Section        2  rtexit.o(.ARM.Collect$$rtexit$$00000000)
    .ARM.Collect$$rtexit$$00000002           0x0800017c   Section        0  rtexit2.o(.ARM.Collect$$rtexit$$00000002)
    .ARM.Collect$$rtexit$$00000003           0x0800017c   Section        4  rtexit2.o(.ARM.Collect$$rtexit$$00000003)
    .ARM.Collect$$rtexit$$00000004           0x08000180   Section        6  rtexit2.o(.ARM.Collect$$rtexit$$00000004)
    .text                                    0x08000188   Section       64  startup_stm32f10x_md.o(.text)
    .text                                    0x080001c8   Section        0  strstr.o(.text)
    .text                                    0x080001ec   Section      138  rt_memcpy_v6.o(.text)
    .text                                    0x08000276   Section       68  rt_memclr.o(.text)
    .text                                    0x080002ba   Section        0  heapauxi.o(.text)
    .text                                    0x080002c0   Section        0  _rserrno.o(.text)
    .text                                    0x080002d6   Section      100  rt_memcpy_w.o(.text)
    .text                                    0x0800033a   Section       78  rt_memclr_w.o(.text)
    .text                                    0x08000388   Section        8  rt_errno_addr_intlibspace.o(.text)
    .text                                    0x08000390   Section        8  libspace.o(.text)
    .text                                    0x08000398   Section       74  sys_stackheap_outer.o(.text)
    .text                                    0x080003e2   Section        0  exit.o(.text)
    .text                                    0x080003f4   Section        0  sys_exit.o(.text)
    .text                                    0x08000400   Section        2  use_no_semi.o(.text)
    .text                                    0x08000402   Section        0  indicate_semi.o(.text)
    i.ATGM_StructInit                        0x08000404   Section        0  atgm336h.o(i.ATGM_StructInit)
    i.BTDataCon                              0x08000450   Section        0  bluetooth.o(i.BTDataCon)
    i.BusFault_Handler                       0x08000848   Section        0  stm32f10x_it.o(i.BusFault_Handler)
    i.Calculate_Azimuth                      0x0800084c   Section        0  azimuth.o(i.Calculate_Azimuth)
    i.DMA1_Channel5_IRQHandler               0x08000a14   Section        0  mydma.o(i.DMA1_Channel5_IRQHandler)
    i.DMA_ClearITPendingBit                  0x08000acc   Section        0  stm32f10x_dma.o(i.DMA_ClearITPendingBit)
    i.DMA_Cmd                                0x08000ae8   Section        0  stm32f10x_dma.o(i.DMA_Cmd)
    i.DMA_GetITStatus                        0x08000b00   Section        0  stm32f10x_dma.o(i.DMA_GetITStatus)
    i.DMA_ITConfig                           0x08000b2c   Section        0  stm32f10x_dma.o(i.DMA_ITConfig)
    i.DMA_Init                               0x08000b3e   Section        0  stm32f10x_dma.o(i.DMA_Init)
    i.DataConvet                             0x08000b7c   Section        0  atgm336h.o(i.DataConvet)
    i.DataPrase                              0x08000e34   Section        0  atgm336h.o(i.DataPrase)
    i.DebugMon_Handler                       0x08000f04   Section        0  stm32f10x_it.o(i.DebugMon_Handler)
    i.Delay_ms                               0x08000f06   Section        0  delay.o(i.Delay_ms)
    i.Delay_us                               0x08000f1e   Section        0  delay.o(i.Delay_us)
    i.GPIO_Init                              0x08000f4c   Section        0  stm32f10x_gpio.o(i.GPIO_Init)
    i.GPIO_WriteBit                          0x08001062   Section        0  stm32f10x_gpio.o(i.GPIO_WriteBit)
    i.HardFault_Handler                      0x0800106c   Section        0  stm32f10x_it.o(i.HardFault_Handler)
    i.I2C_AcknowledgeConfig                  0x08001070   Section        0  stm32f10x_i2c.o(i.I2C_AcknowledgeConfig)
    i.I2C_CheckEvent                         0x08001088   Section        0  stm32f10x_i2c.o(i.I2C_CheckEvent)
    i.I2C_GenerateSTART                      0x080010b2   Section        0  stm32f10x_i2c.o(i.I2C_GenerateSTART)
    i.I2C_GenerateSTOP                       0x080010ca   Section        0  stm32f10x_i2c.o(i.I2C_GenerateSTOP)
    i.I2C_ReceiveData                        0x080010e2   Section        0  stm32f10x_i2c.o(i.I2C_ReceiveData)
    i.I2C_Send7bitAddress                    0x080010ea   Section        0  stm32f10x_i2c.o(i.I2C_Send7bitAddress)
    i.I2C_SendData                           0x080010fc   Section        0  stm32f10x_i2c.o(i.I2C_SendData)
    i.Key_Init                               0x08001100   Section        0  key.o(i.Key_Init)
    i.MPU6050_GetData                        0x0800112c   Section        0  mpu6050.o(i.MPU6050_GetData)
    i.MPU6050_ReadReg                        0x080011d8   Section        0  mpu6050.o(i.MPU6050_ReadReg)
    i.MemManage_Handler                      0x08001294   Section        0  stm32f10x_it.o(i.MemManage_Handler)
    i.NMI_Handler                            0x08001298   Section        0  stm32f10x_it.o(i.NMI_Handler)
    i.NVIC_Init                              0x0800129c   Section        0  misc.o(i.NVIC_Init)
    i.NVIC_PriorityGroupConfig               0x0800130c   Section        0  misc.o(i.NVIC_PriorityGroupConfig)
    i.OLED_Clear                             0x08001320   Section        0  oled.o(i.OLED_Clear)
    i.OLED_I2C_Init                          0x0800134c   Section        0  oled.o(i.OLED_I2C_Init)
    i.OLED_I2C_SendByte                      0x0800139c   Section        0  oled.o(i.OLED_I2C_SendByte)
    i.OLED_I2C_Start                         0x080013f0   Section        0  oled.o(i.OLED_I2C_Start)
    i.OLED_I2C_Stop                          0x08001424   Section        0  oled.o(i.OLED_I2C_Stop)
    i.OLED_Init                              0x0800144c   Section        0  oled.o(i.OLED_Init)
    i.OLED_Pow                               0x080014fa   Section        0  oled.o(i.OLED_Pow)
    i.OLED_SetCursor                         0x0800150e   Section        0  oled.o(i.OLED_SetCursor)
    i.OLED_ShowChar                          0x08001530   Section        0  oled.o(i.OLED_ShowChar)
    i.OLED_ShowNum                           0x080015a4   Section        0  oled.o(i.OLED_ShowNum)
    i.OLED_ShowString                        0x080015e8   Section        0  oled.o(i.OLED_ShowString)
    i.OLED_WriteCommand                      0x08001610   Section        0  oled.o(i.OLED_WriteCommand)
    i.OLED_WriteData                         0x08001630   Section        0  oled.o(i.OLED_WriteData)
    i.PWM_Init                               0x08001650   Section        0  pwm.o(i.PWM_Init)
    i.PWM_SetCompare2                        0x080016e8   Section        0  pwm.o(i.PWM_SetCompare2)
    i.PendSV_Handler                         0x080016f8   Section        0  stm32f10x_it.o(i.PendSV_Handler)
    i.Pose_Calculating                       0x080016fc   Section        0  mpu6050.o(i.Pose_Calculating)
    i.RCC_AHBPeriphClockCmd                  0x08001890   Section        0  stm32f10x_rcc.o(i.RCC_AHBPeriphClockCmd)
    i.RCC_APB1PeriphClockCmd                 0x080018b0   Section        0  stm32f10x_rcc.o(i.RCC_APB1PeriphClockCmd)
    i.RCC_APB2PeriphClockCmd                 0x080018d0   Section        0  stm32f10x_rcc.o(i.RCC_APB2PeriphClockCmd)
    i.RCC_GetClocksFreq                      0x080018f0   Section        0  stm32f10x_rcc.o(i.RCC_GetClocksFreq)
    i.SVC_Handler                            0x080019c4   Section        0  stm32f10x_it.o(i.SVC_Handler)
    i.Serial1_AD_Init                        0x080019c8   Section        0  mydma.o(i.Serial1_AD_Init)
    i.Serial2_Init                           0x08001ad4   Section        0  serial.o(i.Serial2_Init)
    i.Servo_Init                             0x08001b88   Section        0  servo.o(i.Servo_Init)
    i.Servo_SetAngle                         0x08001b90   Section        0  servo.o(i.Servo_SetAngle)
    i.SetSysClock                            0x08001bd8   Section        0  system_stm32f10x.o(i.SetSysClock)
    SetSysClock                              0x08001bd9   Thumb Code     8  system_stm32f10x.o(i.SetSysClock)
    i.SetSysClockTo72                        0x08001be0   Section        0  system_stm32f10x.o(i.SetSysClockTo72)
    SetSysClockTo72                          0x08001be1   Thumb Code   214  system_stm32f10x.o(i.SetSysClockTo72)
    i.SysTick_Handler                        0x08001cc0   Section        0  stm32f10x_it.o(i.SysTick_Handler)
    i.SystemInit                             0x08001cc4   Section        0  system_stm32f10x.o(i.SystemInit)
    i.TIM_Cmd                                0x08001d24   Section        0  stm32f10x_tim.o(i.TIM_Cmd)
    i.TIM_InternalClockConfig                0x08001d3c   Section        0  stm32f10x_tim.o(i.TIM_InternalClockConfig)
    i.TIM_OC2Init                            0x08001d48   Section        0  stm32f10x_tim.o(i.TIM_OC2Init)
    i.TIM_OCStructInit                       0x08001dec   Section        0  stm32f10x_tim.o(i.TIM_OCStructInit)
    i.TIM_SetCompare2                        0x08001e00   Section        0  stm32f10x_tim.o(i.TIM_SetCompare2)
    i.TIM_TimeBaseInit                       0x08001e04   Section        0  stm32f10x_tim.o(i.TIM_TimeBaseInit)
    i.USART2_IRQHandler                      0x08001ea8   Section        0  serial.o(i.USART2_IRQHandler)
    i.USART_ClearITPendingBit                0x08001f40   Section        0  stm32f10x_usart.o(i.USART_ClearITPendingBit)
    i.USART_Cmd                              0x08001f5e   Section        0  stm32f10x_usart.o(i.USART_Cmd)
    i.USART_DMACmd                           0x08001f76   Section        0  stm32f10x_usart.o(i.USART_DMACmd)
    i.USART_GetITStatus                      0x08001f88   Section        0  stm32f10x_usart.o(i.USART_GetITStatus)
    i.USART_ITConfig                         0x08001fdc   Section        0  stm32f10x_usart.o(i.USART_ITConfig)
    i.USART_Init                             0x08002028   Section        0  stm32f10x_usart.o(i.USART_Init)
    i.USART_ReceiveData                      0x08002100   Section        0  stm32f10x_usart.o(i.USART_ReceiveData)
    i.UsageFault_Handler                     0x0800210a   Section        0  stm32f10x_it.o(i.UsageFault_Handler)
    i.__ARM_fpclassify                       0x0800210e   Section        0  fpclassify.o(i.__ARM_fpclassify)
    i.__ieee754_rem_pio2                     0x08002138   Section        0  rred.o(i.__ieee754_rem_pio2)
    i.__kernel_cos                           0x080024c0   Section        0  cos_i.o(i.__kernel_cos)
    i.__kernel_poly                          0x080025bc   Section        0  poly.o(i.__kernel_poly)
    i.__kernel_sin                           0x08002668   Section        0  sin_i.o(i.__kernel_sin)
    i.__mathlib_dbl_infnan                   0x08002754   Section        0  dunder.o(i.__mathlib_dbl_infnan)
    i.__mathlib_dbl_infnan2                  0x0800275a   Section        0  dunder.o(i.__mathlib_dbl_infnan2)
    i.__mathlib_dbl_invalid                  0x0800275e   Section        0  dunder.o(i.__mathlib_dbl_invalid)
    i.__mathlib_dbl_underflow                0x0800276c   Section        0  dunder.o(i.__mathlib_dbl_underflow)
    i.atan                                   0x0800277c   Section        0  atan.o(i.atan)
    i.atan2                                  0x0800299c   Section        0  atan2.o(i.atan2)
    i.cos                                    0x08002b1c   Section        0  cos.o(i.cos)
    i.main                                   0x08002bb8   Section        0  main.o(i.main)
    i.sin                                    0x08002d20   Section        0  sin.o(i.sin)
    i.sqrt                                   0x08002dc0   Section        0  sqrt.o(i.sqrt)
    x$fpl$d2f                                0x08002e0c   Section       98  d2f.o(x$fpl$d2f)
    x$fpl$dadd                               0x08002e70   Section      336  daddsub_clz.o(x$fpl$dadd)
    _dadd1                                   0x08002e81   Thumb Code     0  daddsub_clz.o(x$fpl$dadd)
    x$fpl$dcheck1                            0x08002fc0   Section       16  dcheck1.o(x$fpl$dcheck1)
    x$fpl$dcmpinf                            0x08002fd0   Section       24  dcmpi.o(x$fpl$dcmpinf)
    x$fpl$ddiv                               0x08002fe8   Section      688  ddiv.o(x$fpl$ddiv)
    ddiv_entry                               0x08002fef   Thumb Code     0  ddiv.o(x$fpl$ddiv)
    x$fpl$dfix                               0x08003298   Section       94  dfix.o(x$fpl$dfix)
    x$fpl$dfixu                              0x080032f8   Section       90  dfixu.o(x$fpl$dfixu)
    x$fpl$dflt                               0x08003352   Section       46  dflt_clz.o(x$fpl$dflt)
    x$fpl$dfltu                              0x08003380   Section       38  dflt_clz.o(x$fpl$dfltu)
    x$fpl$dleqf                              0x080033a8   Section      120  dleqf.o(x$fpl$dleqf)
    x$fpl$dmul                               0x08003420   Section      340  dmul.o(x$fpl$dmul)
    x$fpl$dnaninf                            0x08003574   Section      156  dnaninf.o(x$fpl$dnaninf)
    x$fpl$dretinf                            0x08003610   Section       12  dretinf.o(x$fpl$dretinf)
    x$fpl$drleqf                             0x0800361c   Section      108  drleqf.o(x$fpl$drleqf)
    x$fpl$drsb                               0x08003688   Section       22  daddsub_clz.o(x$fpl$drsb)
    x$fpl$dsqrt                              0x080036a0   Section      460  dsqrt_noumaal.o(x$fpl$dsqrt)
    x$fpl$dsub                               0x0800386c   Section      468  daddsub_clz.o(x$fpl$dsub)
    _dsub1                                   0x0800387d   Thumb Code     0  daddsub_clz.o(x$fpl$dsub)
    x$fpl$ffixu                              0x08003a40   Section       62  ffixu.o(x$fpl$ffixu)
    x$fpl$fmul                               0x08003a80   Section      258  fmul.o(x$fpl$fmul)
    x$fpl$fnaninf                            0x08003b82   Section      140  fnaninf.o(x$fpl$fnaninf)
    x$fpl$fretinf                            0x08003c0e   Section       10  fretinf.o(x$fpl$fretinf)
    x$fpl$retnan                             0x08003c18   Section      100  retnan.o(x$fpl$retnan)
    x$fpl$scalbn                             0x08003c7c   Section       92  scalbn.o(x$fpl$scalbn)
    x$fpl$trapveneer                         0x08003cd8   Section       48  trapv.o(x$fpl$trapveneer)
    .constdata                               0x08003d08   Section     1520  oled.o(.constdata)
    x$fpl$usenofp                            0x08003d08   Section        0  usenofp.o(x$fpl$usenofp)
    .constdata                               0x080042f8   Section      152  atan.o(.constdata)
    atanhi                                   0x080042f8   Data          32  atan.o(.constdata)
    atanlo                                   0x08004318   Data          32  atan.o(.constdata)
    aTodd                                    0x08004338   Data          40  atan.o(.constdata)
    aTeven                                   0x08004360   Data          48  atan.o(.constdata)
    .constdata                               0x08004390   Section       48  cos_i.o(.constdata)
    C                                        0x08004390   Data          48  cos_i.o(.constdata)
    .constdata                               0x080043c0   Section        8  qnan.o(.constdata)
    .constdata                               0x080043c8   Section      200  rred.o(.constdata)
    pio2s                                    0x080043c8   Data          48  rred.o(.constdata)
    twooverpi                                0x080043f8   Data         152  rred.o(.constdata)
    .constdata                               0x08004490   Section       40  sin_i.o(.constdata)
    S                                        0x08004490   Data          40  sin_i.o(.constdata)
    .data                                    0x20000000   Section       20  stm32f10x_rcc.o(.data)
    APBAHBPrescTable                         0x20000000   Data          16  stm32f10x_rcc.o(.data)
    ADCPrescTable                            0x20000010   Data           4  stm32f10x_rcc.o(.data)
    .data                                    0x20000014   Section       12  main.o(.data)
    .data                                    0x20000020   Section       16  atgm336h.o(.data)
    .data                                    0x20000030   Section       15  serial.o(.data)
    DataIndex                                0x2000003e   Data           1  serial.o(.data)
    .data                                    0x2000003f   Section        1  azimuth.o(.data)
    .data                                    0x20000040   Section        8  mpu6050.o(.data)
    .data                                    0x20000048   Section        2  mydma.o(.data)
    .bss                                     0x2000004c   Section      271  atgm336h.o(.bss)
    .bss                                     0x2000015b   Section      222  mydma.o(.bss)
    .bss                                     0x2000023c   Section       96  libspace.o(.bss)
    HEAP                                     0x200002a0   Section      512  startup_stm32f10x_md.o(HEAP)
    Heap_Mem                                 0x200002a0   Data         512  startup_stm32f10x_md.o(HEAP)
    STACK                                    0x200004a0   Section     1024  startup_stm32f10x_md.o(STACK)
    Stack_Mem                                0x200004a0   Data        1024  startup_stm32f10x_md.o(STACK)
    __initial_sp                             0x200008a0   Data           0  startup_stm32f10x_md.o(STACK)

    Global Symbols

    Symbol Name                              Value     Ov Type        Size  Object(Section)

    BuildAttributes$$THM_ISAv4$P$D$K$B$S$PE$A:L22UL41UL21$X:L11$S22US41US21$IEEE1$IW$USESV6$~STKCKD$USESV7$~SHL$OTIME$ROPI$IEEEX$EBA8$UX$STANDARDLIB$REQ8$PRES8$EABIv2 0x00000000   Number         0  anon$$obj.o ABSOLUTE
    __ARM_use_no_argv                        0x00000000   Number         0  main.o ABSOLUTE
    __ARM_exceptions_init                     - Undefined Weak Reference
    __alloca_initialize                       - Undefined Weak Reference
    __arm_preinit_                            - Undefined Weak Reference
    __cpp_initialize__aeabi_                  - Undefined Weak Reference
    __cxa_finalize                            - Undefined Weak Reference
    __rt_locale                               - Undefined Weak Reference
    __sigvec_lookup                           - Undefined Weak Reference
    _atexit_init                              - Undefined Weak Reference
    _call_atexit_fns                          - Undefined Weak Reference
    _clock_init                               - Undefined Weak Reference
    _fp_trap_init                             - Undefined Weak Reference
    _fp_trap_shutdown                         - Undefined Weak Reference
    _get_lc_collate                           - Undefined Weak Reference
    _get_lc_ctype                             - Undefined Weak Reference
    _get_lc_monetary                          - Undefined Weak Reference
    _get_lc_numeric                           - Undefined Weak Reference
    _get_lc_time                              - Undefined Weak Reference
    _getenv_init                              - Undefined Weak Reference
    _handle_redirection                       - Undefined Weak Reference
    _init_alloc                               - Undefined Weak Reference
    _init_user_alloc                          - Undefined Weak Reference
    _initio                                   - Undefined Weak Reference
    _rand_init                                - Undefined Weak Reference
    _signal_finish                            - Undefined Weak Reference
    _signal_init                              - Undefined Weak Reference
    _terminate_alloc                          - Undefined Weak Reference
    _terminate_user_alloc                     - Undefined Weak Reference
    _terminateio                              - Undefined Weak Reference
    __Vectors_Size                           0x000000ec   Number         0  startup_stm32f10x_md.o ABSOLUTE
    __Vectors                                0x08000000   Data           4  startup_stm32f10x_md.o(RESET)
    __Vectors_End                            0x080000ec   Data           0  startup_stm32f10x_md.o(RESET)
    __main                                   0x080000ed   Thumb Code     8  __main.o(!!!main)
    __scatterload                            0x080000f5   Thumb Code     0  __scatter.o(!!!scatter)
    __scatterload_rt2                        0x080000f5   Thumb Code    44  __scatter.o(!!!scatter)
    __scatterload_rt2_thumb_only             0x080000f5   Thumb Code     0  __scatter.o(!!!scatter)
    __scatterload_null                       0x08000103   Thumb Code     0  __scatter.o(!!!scatter)
    __scatterload_copy                       0x08000129   Thumb Code    26  __scatter_copy.o(!!handler_copy)
    __scatterload_zeroinit                   0x08000145   Thumb Code    28  __scatter_zi.o(!!handler_zi)
    __rt_lib_init                            0x08000161   Thumb Code     0  libinit.o(.ARM.Collect$$libinit$$00000000)
    __rt_lib_init_alloca_1                   0x08000163   Thumb Code     0  libinit2.o(.ARM.Collect$$libinit$$0000002E)
    __rt_lib_init_argv_1                     0x08000163   Thumb Code     0  libinit2.o(.ARM.Collect$$libinit$$0000002C)
    __rt_lib_init_atexit_1                   0x08000163   Thumb Code     0  libinit2.o(.ARM.Collect$$libinit$$0000001B)
    __rt_lib_init_clock_1                    0x08000163   Thumb Code     0  libinit2.o(.ARM.Collect$$libinit$$00000021)
    __rt_lib_init_cpp_1                      0x08000163   Thumb Code     0  libinit2.o(.ARM.Collect$$libinit$$00000032)
    __rt_lib_init_exceptions_1               0x08000163   Thumb Code     0  libinit2.o(.ARM.Collect$$libinit$$00000030)
    __rt_lib_init_fp_1                       0x08000163   Thumb Code     0  libinit2.o(.ARM.Collect$$libinit$$00000002)
    __rt_lib_init_fp_trap_1                  0x08000163   Thumb Code     0  libinit2.o(.ARM.Collect$$libinit$$0000001F)
    __rt_lib_init_getenv_1                   0x08000163   Thumb Code     0  libinit2.o(.ARM.Collect$$libinit$$00000023)
    __rt_lib_init_heap_1                     0x08000163   Thumb Code     0  libinit2.o(.ARM.Collect$$libinit$$0000000A)
    __rt_lib_init_lc_collate_1               0x08000163   Thumb Code     0  libinit2.o(.ARM.Collect$$libinit$$00000011)
    __rt_lib_init_lc_ctype_1                 0x08000163   Thumb Code     0  libinit2.o(.ARM.Collect$$libinit$$00000013)
    __rt_lib_init_lc_monetary_1              0x08000163   Thumb Code     0  libinit2.o(.ARM.Collect$$libinit$$00000015)
    __rt_lib_init_lc_numeric_1               0x08000163   Thumb Code     0  libinit2.o(.ARM.Collect$$libinit$$00000017)
    __rt_lib_init_lc_time_1                  0x08000163   Thumb Code     0  libinit2.o(.ARM.Collect$$libinit$$00000019)
    __rt_lib_init_preinit_1                  0x08000163   Thumb Code     0  libinit2.o(.ARM.Collect$$libinit$$00000004)
    __rt_lib_init_rand_1                     0x08000163   Thumb Code     0  libinit2.o(.ARM.Collect$$libinit$$0000000E)
    __rt_lib_init_return                     0x08000163   Thumb Code     0  libinit2.o(.ARM.Collect$$libinit$$00000033)
    __rt_lib_init_signal_1                   0x08000163   Thumb Code     0  libinit2.o(.ARM.Collect$$libinit$$0000001D)
    __rt_lib_init_stdio_1                    0x08000163   Thumb Code     0  libinit2.o(.ARM.Collect$$libinit$$00000025)
    __rt_lib_init_user_alloc_1               0x08000163   Thumb Code     0  libinit2.o(.ARM.Collect$$libinit$$0000000C)
    __rt_lib_shutdown                        0x08000165   Thumb Code     0  libshutdown.o(.ARM.Collect$$libshutdown$$00000000)
    __rt_lib_shutdown_cpp_1                  0x08000167   Thumb Code     0  libshutdown2.o(.ARM.Collect$$libshutdown$$00000002)
    __rt_lib_shutdown_fp_trap_1              0x08000167   Thumb Code     0  libshutdown2.o(.ARM.Collect$$libshutdown$$00000007)
    __rt_lib_shutdown_heap_1                 0x08000167   Thumb Code     0  libshutdown2.o(.ARM.Collect$$libshutdown$$0000000F)
    __rt_lib_shutdown_return                 0x08000167   Thumb Code     0  libshutdown2.o(.ARM.Collect$$libshutdown$$00000010)
    __rt_lib_shutdown_signal_1               0x08000167   Thumb Code     0  libshutdown2.o(.ARM.Collect$$libshutdown$$0000000A)
    __rt_lib_shutdown_stdio_1                0x08000167   Thumb Code     0  libshutdown2.o(.ARM.Collect$$libshutdown$$00000004)
    __rt_lib_shutdown_user_alloc_1           0x08000167   Thumb Code     0  libshutdown2.o(.ARM.Collect$$libshutdown$$0000000C)
    __rt_entry                               0x08000169   Thumb Code     0  __rtentry.o(.ARM.Collect$$rtentry$$00000000)
    __rt_entry_presh_1                       0x08000169   Thumb Code     0  __rtentry2.o(.ARM.Collect$$rtentry$$00000002)
    __rt_entry_sh                            0x08000169   Thumb Code     0  __rtentry4.o(.ARM.Collect$$rtentry$$00000004)
    __rt_entry_li                            0x0800016f   Thumb Code     0  __rtentry2.o(.ARM.Collect$$rtentry$$0000000A)
    __rt_entry_postsh_1                      0x0800016f   Thumb Code     0  __rtentry2.o(.ARM.Collect$$rtentry$$00000009)
    __rt_entry_main                          0x08000173   Thumb Code     0  __rtentry2.o(.ARM.Collect$$rtentry$$0000000D)
    __rt_entry_postli_1                      0x08000173   Thumb Code     0  __rtentry2.o(.ARM.Collect$$rtentry$$0000000C)
    __rt_exit                                0x0800017b   Thumb Code     0  rtexit.o(.ARM.Collect$$rtexit$$00000000)
    __rt_exit_ls                             0x0800017d   Thumb Code     0  rtexit2.o(.ARM.Collect$$rtexit$$00000003)
    __rt_exit_prels_1                        0x0800017d   Thumb Code     0  rtexit2.o(.ARM.Collect$$rtexit$$00000002)
    __rt_exit_exit                           0x08000181   Thumb Code     0  rtexit2.o(.ARM.Collect$$rtexit$$00000004)
    Reset_Handler                            0x08000189   Thumb Code     8  startup_stm32f10x_md.o(.text)
    ADC1_2_IRQHandler                        0x080001a3   Thumb Code     0  startup_stm32f10x_md.o(.text)
    CAN1_RX1_IRQHandler                      0x080001a3   Thumb Code     0  startup_stm32f10x_md.o(.text)
    CAN1_SCE_IRQHandler                      0x080001a3   Thumb Code     0  startup_stm32f10x_md.o(.text)
    DMA1_Channel1_IRQHandler                 0x080001a3   Thumb Code     0  startup_stm32f10x_md.o(.text)
    DMA1_Channel2_IRQHandler                 0x080001a3   Thumb Code     0  startup_stm32f10x_md.o(.text)
    DMA1_Channel3_IRQHandler                 0x080001a3   Thumb Code     0  startup_stm32f10x_md.o(.text)
    DMA1_Channel4_IRQHandler                 0x080001a3   Thumb Code     0  startup_stm32f10x_md.o(.text)
    DMA1_Channel6_IRQHandler                 0x080001a3   Thumb Code     0  startup_stm32f10x_md.o(.text)
    DMA1_Channel7_IRQHandler                 0x080001a3   Thumb Code     0  startup_stm32f10x_md.o(.text)
    EXTI0_IRQHandler                         0x080001a3   Thumb Code     0  startup_stm32f10x_md.o(.text)
    EXTI15_10_IRQHandler                     0x080001a3   Thumb Code     0  startup_stm32f10x_md.o(.text)
    EXTI1_IRQHandler                         0x080001a3   Thumb Code     0  startup_stm32f10x_md.o(.text)
    EXTI2_IRQHandler                         0x080001a3   Thumb Code     0  startup_stm32f10x_md.o(.text)
    EXTI3_IRQHandler                         0x080001a3   Thumb Code     0  startup_stm32f10x_md.o(.text)
    EXTI4_IRQHandler                         0x080001a3   Thumb Code     0  startup_stm32f10x_md.o(.text)
    EXTI9_5_IRQHandler                       0x080001a3   Thumb Code     0  startup_stm32f10x_md.o(.text)
    FLASH_IRQHandler                         0x080001a3   Thumb Code     0  startup_stm32f10x_md.o(.text)
    I2C1_ER_IRQHandler                       0x080001a3   Thumb Code     0  startup_stm32f10x_md.o(.text)
    I2C1_EV_IRQHandler                       0x080001a3   Thumb Code     0  startup_stm32f10x_md.o(.text)
    I2C2_ER_IRQHandler                       0x080001a3   Thumb Code     0  startup_stm32f10x_md.o(.text)
    I2C2_EV_IRQHandler                       0x080001a3   Thumb Code     0  startup_stm32f10x_md.o(.text)
    PVD_IRQHandler                           0x080001a3   Thumb Code     0  startup_stm32f10x_md.o(.text)
    RCC_IRQHandler                           0x080001a3   Thumb Code     0  startup_stm32f10x_md.o(.text)
    RTCAlarm_IRQHandler                      0x080001a3   Thumb Code     0  startup_stm32f10x_md.o(.text)
    RTC_IRQHandler                           0x080001a3   Thumb Code     0  startup_stm32f10x_md.o(.text)
    SPI1_IRQHandler                          0x080001a3   Thumb Code     0  startup_stm32f10x_md.o(.text)
    SPI2_IRQHandler                          0x080001a3   Thumb Code     0  startup_stm32f10x_md.o(.text)
    TAMPER_IRQHandler                        0x080001a3   Thumb Code     0  startup_stm32f10x_md.o(.text)
    TIM1_BRK_IRQHandler                      0x080001a3   Thumb Code     0  startup_stm32f10x_md.o(.text)
    TIM1_CC_IRQHandler                       0x080001a3   Thumb Code     0  startup_stm32f10x_md.o(.text)
    TIM1_TRG_COM_IRQHandler                  0x080001a3   Thumb Code     0  startup_stm32f10x_md.o(.text)
    TIM1_UP_IRQHandler                       0x080001a3   Thumb Code     0  startup_stm32f10x_md.o(.text)
    TIM2_IRQHandler                          0x080001a3   Thumb Code     0  startup_stm32f10x_md.o(.text)
    TIM3_IRQHandler                          0x080001a3   Thumb Code     0  startup_stm32f10x_md.o(.text)
    TIM4_IRQHandler                          0x080001a3   Thumb Code     0  startup_stm32f10x_md.o(.text)
    USART1_IRQHandler                        0x080001a3   Thumb Code     0  startup_stm32f10x_md.o(.text)
    USART3_IRQHandler                        0x080001a3   Thumb Code     0  startup_stm32f10x_md.o(.text)
    USBWakeUp_IRQHandler                     0x080001a3   Thumb Code     0  startup_stm32f10x_md.o(.text)
    USB_HP_CAN1_TX_IRQHandler                0x080001a3   Thumb Code     0  startup_stm32f10x_md.o(.text)
    USB_LP_CAN1_RX0_IRQHandler               0x080001a3   Thumb Code     0  startup_stm32f10x_md.o(.text)
    WWDG_IRQHandler                          0x080001a3   Thumb Code     0  startup_stm32f10x_md.o(.text)
    __user_initial_stackheap                 0x080001a5   Thumb Code     0  startup_stm32f10x_md.o(.text)
    strstr                                   0x080001c9   Thumb Code    36  strstr.o(.text)
    __aeabi_memcpy                           0x080001ed   Thumb Code     0  rt_memcpy_v6.o(.text)
    __rt_memcpy                              0x080001ed   Thumb Code   138  rt_memcpy_v6.o(.text)
    _memcpy_lastbytes                        0x08000253   Thumb Code     0  rt_memcpy_v6.o(.text)
    __aeabi_memclr                           0x08000277   Thumb Code     0  rt_memclr.o(.text)
    __rt_memclr                              0x08000277   Thumb Code    68  rt_memclr.o(.text)
    _memset                                  0x0800027b   Thumb Code     0  rt_memclr.o(.text)
    __use_two_region_memory                  0x080002bb   Thumb Code     2  heapauxi.o(.text)
    __rt_heap_escrow$2region                 0x080002bd   Thumb Code     2  heapauxi.o(.text)
    __rt_heap_expand$2region                 0x080002bf   Thumb Code     2  heapauxi.o(.text)
    __read_errno                             0x080002c1   Thumb Code    10  _rserrno.o(.text)
    __set_errno                              0x080002cb   Thumb Code    12  _rserrno.o(.text)
    __aeabi_memcpy4                          0x080002d7   Thumb Code     0  rt_memcpy_w.o(.text)
    __aeabi_memcpy8                          0x080002d7   Thumb Code     0  rt_memcpy_w.o(.text)
    __rt_memcpy_w                            0x080002d7   Thumb Code   100  rt_memcpy_w.o(.text)
    _memcpy_lastbytes_aligned                0x0800031f   Thumb Code     0  rt_memcpy_w.o(.text)
    __aeabi_memclr4                          0x0800033b   Thumb Code     0  rt_memclr_w.o(.text)
    __aeabi_memclr8                          0x0800033b   Thumb Code     0  rt_memclr_w.o(.text)
    __rt_memclr_w                            0x0800033b   Thumb Code    78  rt_memclr_w.o(.text)
    _memset_w                                0x0800033f   Thumb Code     0  rt_memclr_w.o(.text)
    __aeabi_errno_addr                       0x08000389   Thumb Code     8  rt_errno_addr_intlibspace.o(.text)
    __errno$intlibspace                      0x08000389   Thumb Code     0  rt_errno_addr_intlibspace.o(.text)
    __rt_errno_addr$intlibspace              0x08000389   Thumb Code     0  rt_errno_addr_intlibspace.o(.text)
    __user_libspace                          0x08000391   Thumb Code     8  libspace.o(.text)
    __user_perproc_libspace                  0x08000391   Thumb Code     0  libspace.o(.text)
    __user_perthread_libspace                0x08000391   Thumb Code     0  libspace.o(.text)
    __user_setup_stackheap                   0x08000399   Thumb Code    74  sys_stackheap_outer.o(.text)
    exit                                     0x080003e3   Thumb Code    18  exit.o(.text)
    _sys_exit                                0x080003f5   Thumb Code     8  sys_exit.o(.text)
    __I$use$semihosting                      0x08000401   Thumb Code     0  use_no_semi.o(.text)
    __use_no_semihosting_swi                 0x08000401   Thumb Code     2  use_no_semi.o(.text)
    __semihosting_library_function           0x08000403   Thumb Code     0  indicate_semi.o(.text)
    ATGM_StructInit                          0x08000405   Thumb Code    72  atgm336h.o(i.ATGM_StructInit)
    BTDataCon                                0x08000451   Thumb Code   984  bluetooth.o(i.BTDataCon)
    BusFault_Handler                         0x08000849   Thumb Code     4  stm32f10x_it.o(i.BusFault_Handler)
    Calculate_Azimuth                        0x0800084d   Thumb Code   426  azimuth.o(i.Calculate_Azimuth)
    DMA1_Channel5_IRQHandler                 0x08000a15   Thumb Code   164  mydma.o(i.DMA1_Channel5_IRQHandler)
    DMA_ClearITPendingBit                    0x08000acd   Thumb Code    18  stm32f10x_dma.o(i.DMA_ClearITPendingBit)
    DMA_Cmd                                  0x08000ae9   Thumb Code    24  stm32f10x_dma.o(i.DMA_Cmd)
    DMA_GetITStatus                          0x08000b01   Thumb Code    36  stm32f10x_dma.o(i.DMA_GetITStatus)
    DMA_ITConfig                             0x08000b2d   Thumb Code    18  stm32f10x_dma.o(i.DMA_ITConfig)
    DMA_Init                                 0x08000b3f   Thumb Code    60  stm32f10x_dma.o(i.DMA_Init)
    DataConvet                               0x08000b7d   Thumb Code   670  atgm336h.o(i.DataConvet)
    DataPrase                                0x08000e35   Thumb Code   198  atgm336h.o(i.DataPrase)
    DebugMon_Handler                         0x08000f05   Thumb Code     2  stm32f10x_it.o(i.DebugMon_Handler)
    Delay_ms                                 0x08000f07   Thumb Code    24  delay.o(i.Delay_ms)
    Delay_us                                 0x08000f1f   Thumb Code    46  delay.o(i.Delay_us)
    GPIO_Init                                0x08000f4d   Thumb Code   278  stm32f10x_gpio.o(i.GPIO_Init)
    GPIO_WriteBit                            0x08001063   Thumb Code    10  stm32f10x_gpio.o(i.GPIO_WriteBit)
    HardFault_Handler                        0x0800106d   Thumb Code     4  stm32f10x_it.o(i.HardFault_Handler)
    I2C_AcknowledgeConfig                    0x08001071   Thumb Code    24  stm32f10x_i2c.o(i.I2C_AcknowledgeConfig)
    I2C_CheckEvent                           0x08001089   Thumb Code    42  stm32f10x_i2c.o(i.I2C_CheckEvent)
    I2C_GenerateSTART                        0x080010b3   Thumb Code    24  stm32f10x_i2c.o(i.I2C_GenerateSTART)
    I2C_GenerateSTOP                         0x080010cb   Thumb Code    24  stm32f10x_i2c.o(i.I2C_GenerateSTOP)
    I2C_ReceiveData                          0x080010e3   Thumb Code     8  stm32f10x_i2c.o(i.I2C_ReceiveData)
    I2C_Send7bitAddress                      0x080010eb   Thumb Code    18  stm32f10x_i2c.o(i.I2C_Send7bitAddress)
    I2C_SendData                             0x080010fd   Thumb Code     4  stm32f10x_i2c.o(i.I2C_SendData)
    Key_Init                                 0x08001101   Thumb Code    40  key.o(i.Key_Init)
    MPU6050_GetData                          0x0800112d   Thumb Code   172  mpu6050.o(i.MPU6050_GetData)
    MPU6050_ReadReg                          0x080011d9   Thumb Code   174  mpu6050.o(i.MPU6050_ReadReg)
    MemManage_Handler                        0x08001295   Thumb Code     4  stm32f10x_it.o(i.MemManage_Handler)
    NMI_Handler                              0x08001299   Thumb Code     2  stm32f10x_it.o(i.NMI_Handler)
    NVIC_Init                                0x0800129d   Thumb Code   100  misc.o(i.NVIC_Init)
    NVIC_PriorityGroupConfig                 0x0800130d   Thumb Code    10  misc.o(i.NVIC_PriorityGroupConfig)
    OLED_Clear                               0x08001321   Thumb Code    42  oled.o(i.OLED_Clear)
    OLED_I2C_Init                            0x0800134d   Thumb Code    76  oled.o(i.OLED_I2C_Init)
    OLED_I2C_SendByte                        0x0800139d   Thumb Code    80  oled.o(i.OLED_I2C_SendByte)
    OLED_I2C_Start                           0x080013f1   Thumb Code    48  oled.o(i.OLED_I2C_Start)
    OLED_I2C_Stop                            0x08001425   Thumb Code    36  oled.o(i.OLED_I2C_Stop)
    OLED_Init                                0x0800144d   Thumb Code   174  oled.o(i.OLED_Init)
    OLED_Pow                                 0x080014fb   Thumb Code    20  oled.o(i.OLED_Pow)
    OLED_SetCursor                           0x0800150f   Thumb Code    34  oled.o(i.OLED_SetCursor)
    OLED_ShowChar                            0x08001531   Thumb Code   110  oled.o(i.OLED_ShowChar)
    OLED_ShowNum                             0x080015a5   Thumb Code    68  oled.o(i.OLED_ShowNum)
    OLED_ShowString                          0x080015e9   Thumb Code    40  oled.o(i.OLED_ShowString)
    OLED_WriteCommand                        0x08001611   Thumb Code    32  oled.o(i.OLED_WriteCommand)
    OLED_WriteData                           0x08001631   Thumb Code    32  oled.o(i.OLED_WriteData)
    PWM_Init                                 0x08001651   Thumb Code   146  pwm.o(i.PWM_Init)
    PWM_SetCompare2                          0x080016e9   Thumb Code    16  pwm.o(i.PWM_SetCompare2)
    PendSV_Handler                           0x080016f9   Thumb Code     2  stm32f10x_it.o(i.PendSV_Handler)
    Pose_Calculating                         0x080016fd   Thumb Code   372  mpu6050.o(i.Pose_Calculating)
    RCC_AHBPeriphClockCmd                    0x08001891   Thumb Code    26  stm32f10x_rcc.o(i.RCC_AHBPeriphClockCmd)
    RCC_APB1PeriphClockCmd                   0x080018b1   Thumb Code    26  stm32f10x_rcc.o(i.RCC_APB1PeriphClockCmd)
    RCC_APB2PeriphClockCmd                   0x080018d1   Thumb Code    26  stm32f10x_rcc.o(i.RCC_APB2PeriphClockCmd)
    RCC_GetClocksFreq                        0x080018f1   Thumb Code   192  stm32f10x_rcc.o(i.RCC_GetClocksFreq)
    SVC_Handler                              0x080019c5   Thumb Code     2  stm32f10x_it.o(i.SVC_Handler)
    Serial1_AD_Init                          0x080019c9   Thumb Code   252  mydma.o(i.Serial1_AD_Init)
    Serial2_Init                             0x08001ad5   Thumb Code   170  serial.o(i.Serial2_Init)
    Servo_Init                               0x08001b89   Thumb Code     8  servo.o(i.Servo_Init)
    Servo_SetAngle                           0x08001b91   Thumb Code    58  servo.o(i.Servo_SetAngle)
    SysTick_Handler                          0x08001cc1   Thumb Code     2  stm32f10x_it.o(i.SysTick_Handler)
    SystemInit                               0x08001cc5   Thumb Code    78  system_stm32f10x.o(i.SystemInit)
    TIM_Cmd                                  0x08001d25   Thumb Code    24  stm32f10x_tim.o(i.TIM_Cmd)
    TIM_InternalClockConfig                  0x08001d3d   Thumb Code    12  stm32f10x_tim.o(i.TIM_InternalClockConfig)
    TIM_OC2Init                              0x08001d49   Thumb Code   154  stm32f10x_tim.o(i.TIM_OC2Init)
    TIM_OCStructInit                         0x08001ded   Thumb Code    20  stm32f10x_tim.o(i.TIM_OCStructInit)
    TIM_SetCompare2                          0x08001e01   Thumb Code     4  stm32f10x_tim.o(i.TIM_SetCompare2)
    TIM_TimeBaseInit                         0x08001e05   Thumb Code   122  stm32f10x_tim.o(i.TIM_TimeBaseInit)
    USART2_IRQHandler                        0x08001ea9   Thumb Code   134  serial.o(i.USART2_IRQHandler)
    USART_ClearITPendingBit                  0x08001f41   Thumb Code    30  stm32f10x_usart.o(i.USART_ClearITPendingBit)
    USART_Cmd                                0x08001f5f   Thumb Code    24  stm32f10x_usart.o(i.USART_Cmd)
    USART_DMACmd                             0x08001f77   Thumb Code    18  stm32f10x_usart.o(i.USART_DMACmd)
    USART_GetITStatus                        0x08001f89   Thumb Code    84  stm32f10x_usart.o(i.USART_GetITStatus)
    USART_ITConfig                           0x08001fdd   Thumb Code    74  stm32f10x_usart.o(i.USART_ITConfig)
    USART_Init                               0x08002029   Thumb Code   210  stm32f10x_usart.o(i.USART_Init)
    USART_ReceiveData                        0x08002101   Thumb Code    10  stm32f10x_usart.o(i.USART_ReceiveData)
    UsageFault_Handler                       0x0800210b   Thumb Code     4  stm32f10x_it.o(i.UsageFault_Handler)
    __ARM_fpclassify                         0x0800210f   Thumb Code    40  fpclassify.o(i.__ARM_fpclassify)
    __ieee754_rem_pio2                       0x08002139   Thumb Code   828  rred.o(i.__ieee754_rem_pio2)
    __kernel_cos                             0x080024c1   Thumb Code   230  cos_i.o(i.__kernel_cos)
    __kernel_poly                            0x080025bd   Thumb Code   170  poly.o(i.__kernel_poly)
    __kernel_sin                             0x08002669   Thumb Code   224  sin_i.o(i.__kernel_sin)
    __mathlib_dbl_infnan                     0x08002755   Thumb Code     6  dunder.o(i.__mathlib_dbl_infnan)
    __mathlib_dbl_infnan2                    0x0800275b   Thumb Code     4  dunder.o(i.__mathlib_dbl_infnan2)
    __mathlib_dbl_invalid                    0x0800275f   Thumb Code    12  dunder.o(i.__mathlib_dbl_invalid)
    __mathlib_dbl_underflow                  0x0800276d   Thumb Code    10  dunder.o(i.__mathlib_dbl_underflow)
    atan                                     0x0800277d   Thumb Code   474  atan.o(i.atan)
    atan2                                    0x0800299d   Thumb Code   346  atan2.o(i.atan2)
    cos                                      0x08002b1d   Thumb Code   148  cos.o(i.cos)
    main                                     0x08002bb9   Thumb Code   298  main.o(i.main)
    sin                                      0x08002d21   Thumb Code   150  sin.o(i.sin)
    sqrt                                     0x08002dc1   Thumb Code    76  sqrt.o(i.sqrt)
    __aeabi_d2f                              0x08002e0d   Thumb Code     0  d2f.o(x$fpl$d2f)
    _d2f                                     0x08002e0d   Thumb Code    98  d2f.o(x$fpl$d2f)
    __aeabi_dadd                             0x08002e71   Thumb Code     0  daddsub_clz.o(x$fpl$dadd)
    _dadd                                    0x08002e71   Thumb Code   332  daddsub_clz.o(x$fpl$dadd)
    __fpl_dcheck_NaN1                        0x08002fc1   Thumb Code    10  dcheck1.o(x$fpl$dcheck1)
    __fpl_dcmp_Inf                           0x08002fd1   Thumb Code    24  dcmpi.o(x$fpl$dcmpinf)
    __aeabi_ddiv                             0x08002fe9   Thumb Code     0  ddiv.o(x$fpl$ddiv)
    _ddiv                                    0x08002fe9   Thumb Code   552  ddiv.o(x$fpl$ddiv)
    __aeabi_d2iz                             0x08003299   Thumb Code     0  dfix.o(x$fpl$dfix)
    _dfix                                    0x08003299   Thumb Code    94  dfix.o(x$fpl$dfix)
    __aeabi_d2uiz                            0x080032f9   Thumb Code     0  dfixu.o(x$fpl$dfixu)
    _dfixu                                   0x080032f9   Thumb Code    90  dfixu.o(x$fpl$dfixu)
    __aeabi_i2d                              0x08003353   Thumb Code     0  dflt_clz.o(x$fpl$dflt)
    _dflt                                    0x08003353   Thumb Code    46  dflt_clz.o(x$fpl$dflt)
    __aeabi_ui2d                             0x08003381   Thumb Code     0  dflt_clz.o(x$fpl$dfltu)
    _dfltu                                   0x08003381   Thumb Code    38  dflt_clz.o(x$fpl$dfltu)
    __aeabi_cdcmple                          0x080033a9   Thumb Code     0  dleqf.o(x$fpl$dleqf)
    _dcmple                                  0x080033a9   Thumb Code   120  dleqf.o(x$fpl$dleqf)
    __fpl_dcmple_InfNaN                      0x0800340b   Thumb Code     0  dleqf.o(x$fpl$dleqf)
    __aeabi_dmul                             0x08003421   Thumb Code     0  dmul.o(x$fpl$dmul)
    _dmul                                    0x08003421   Thumb Code   332  dmul.o(x$fpl$dmul)
    __fpl_dnaninf                            0x08003575   Thumb Code   156  dnaninf.o(x$fpl$dnaninf)
    __fpl_dretinf                            0x08003611   Thumb Code    12  dretinf.o(x$fpl$dretinf)
    __aeabi_cdrcmple                         0x0800361d   Thumb Code     0  drleqf.o(x$fpl$drleqf)
    _drcmple                                 0x0800361d   Thumb Code   108  drleqf.o(x$fpl$drleqf)
    __aeabi_drsub                            0x08003689   Thumb Code     0  daddsub_clz.o(x$fpl$drsb)
    _drsb                                    0x08003689   Thumb Code    22  daddsub_clz.o(x$fpl$drsb)
    _dsqrt                                   0x080036a1   Thumb Code   456  dsqrt_noumaal.o(x$fpl$dsqrt)
    __aeabi_dsub                             0x0800386d   Thumb Code     0  daddsub_clz.o(x$fpl$dsub)
    _dsub                                    0x0800386d   Thumb Code   464  daddsub_clz.o(x$fpl$dsub)
    __aeabi_f2uiz                            0x08003a41   Thumb Code     0  ffixu.o(x$fpl$ffixu)
    _ffixu                                   0x08003a41   Thumb Code    62  ffixu.o(x$fpl$ffixu)
    __aeabi_fmul                             0x08003a81   Thumb Code     0  fmul.o(x$fpl$fmul)
    _fmul                                    0x08003a81   Thumb Code   258  fmul.o(x$fpl$fmul)
    __fpl_fnaninf                            0x08003b83   Thumb Code   140  fnaninf.o(x$fpl$fnaninf)
    __fpl_fretinf                            0x08003c0f   Thumb Code    10  fretinf.o(x$fpl$fretinf)
    __fpl_return_NaN                         0x08003c19   Thumb Code   100  retnan.o(x$fpl$retnan)
    __ARM_scalbn                             0x08003c7d   Thumb Code    92  scalbn.o(x$fpl$scalbn)
    __fpl_cmpreturn                          0x08003cd9   Thumb Code    48  trapv.o(x$fpl$trapveneer)
    OLED_F8x16                               0x08003d08   Data        1520  oled.o(.constdata)
    __I$use$fp                               0x08003d08   Number         0  usenofp.o(x$fpl$usenofp)
    __mathlib_zero                           0x080043c0   Data           8  qnan.o(.constdata)
    Region$$Table$$Base                      0x080044b8   Number         0  anon$$obj.o(Region$$Table)
    Region$$Table$$Limit                     0x080044d8   Number         0  anon$$obj.o(Region$$Table)
    AX                                       0x20000014   Data           2  main.o(.data)
    AY                                       0x20000016   Data           2  main.o(.data)
    AZ                                       0x20000018   Data           2  main.o(.data)
    GX                                       0x2000001a   Data           2  main.o(.data)
    GY                                       0x2000001c   Data           2  main.o(.data)
    GZ                                       0x2000001e   Data           2  main.o(.data)
    Lat                                      0x20000020   Data           8  atgm336h.o(.data)
    Lon                                      0x20000028   Data           8  atgm336h.o(.data)
    Serial1_RxFlag1                          0x20000030   Data           1  serial.o(.data)
    Serial1_RxFlag2                          0x20000031   Data           1  serial.o(.data)
    RLat                                     0x20000034   Data           4  serial.o(.data)
    RLon                                     0x20000038   Data           4  serial.o(.data)
    Serial2_RxFlag                           0x2000003c   Data           1  serial.o(.data)
    Receive                                  0x2000003d   Data           1  serial.o(.data)
    Servo_Initial_Direction                  0x2000003f   Data           1  azimuth.o(.data)
    pitch                                    0x20000040   Data           4  mpu6050.o(.data)
    roll                                     0x20000044   Data           4  mpu6050.o(.data)
    PlaceNorth                               0x20000048   Data           1  mydma.o(.data)
    PlaceEast                                0x20000049   Data           1  mydma.o(.data)
    USART_RX_BUF                             0x2000004c   Data         150  atgm336h.o(.bss)
    GPS                                      0x200000e2   Data         121  atgm336h.o(.bss)
    Serial1_BUFF                             0x2000015b   Data          22  mydma.o(.bss)
    Serial1_RxPacket1                        0x20000171   Data         100  mydma.o(.bss)
    Serial1_RxPacket2                        0x200001d5   Data         100  mydma.o(.bss)
    __libspace_start                         0x2000023c   Data          96  libspace.o(.bss)
    __temporary_stack_top$libspace           0x2000029c   Data           0  libspace.o(.bss)



==============================================================================

Memory Map of the image

  Image Entry point : 0x080000ed

  Load Region LR_IROM1 (Base: 0x08000000, Size: 0x00004524, Max: 0x00020000, ABSOLUTE)

    Execution Region ER_IROM1 (Exec base: 0x08000000, Load base: 0x08000000, Size: 0x000044d8, Max: 0x00020000, ABSOLUTE)

    Exec Addr    Load Addr    Size         Type   Attr      Idx    E Section Name        Object

    0x08000000   0x08000000   0x000000ec   Data   RO            3    RESET               startup_stm32f10x_md.o
    0x080000ec   0x080000ec   0x00000008   Code   RO         4206  * !!!main             c_w.l(__main.o)
    0x080000f4   0x080000f4   0x00000034   Code   RO         4508    !!!scatter          c_w.l(__scatter.o)
    0x08000128   0x08000128   0x0000001a   Code   RO         4510    !!handler_copy      c_w.l(__scatter_copy.o)
    0x08000142   0x08000142   0x00000002   PAD
    0x08000144   0x08000144   0x0000001c   Code   RO         4512    !!handler_zi        c_w.l(__scatter_zi.o)
    0x08000160   0x08000160   0x00000002   Code   RO         4375    .ARM.Collect$$libinit$$00000000  c_w.l(libinit.o)
    0x08000162   0x08000162   0x00000000   Code   RO         4381    .ARM.Collect$$libinit$$00000002  c_w.l(libinit2.o)
    0x08000162   0x08000162   0x00000000   Code   RO         4383    .ARM.Collect$$libinit$$00000004  c_w.l(libinit2.o)
    0x08000162   0x08000162   0x00000000   Code   RO         4386    .ARM.Collect$$libinit$$0000000A  c_w.l(libinit2.o)
    0x08000162   0x08000162   0x00000000   Code   RO         4388    .ARM.Collect$$libinit$$0000000C  c_w.l(libinit2.o)
    0x08000162   0x08000162   0x00000000   Code   RO         4390    .ARM.Collect$$libinit$$0000000E  c_w.l(libinit2.o)
    0x08000162   0x08000162   0x00000000   Code   RO         4393    .ARM.Collect$$libinit$$00000011  c_w.l(libinit2.o)
    0x08000162   0x08000162   0x00000000   Code   RO         4395    .ARM.Collect$$libinit$$00000013  c_w.l(libinit2.o)
    0x08000162   0x08000162   0x00000000   Code   RO         4397    .ARM.Collect$$libinit$$00000015  c_w.l(libinit2.o)
    0x08000162   0x08000162   0x00000000   Code   RO         4399    .ARM.Collect$$libinit$$00000017  c_w.l(libinit2.o)
    0x08000162   0x08000162   0x00000000   Code   RO         4401    .ARM.Collect$$libinit$$00000019  c_w.l(libinit2.o)
    0x08000162   0x08000162   0x00000000   Code   RO         4403    .ARM.Collect$$libinit$$0000001B  c_w.l(libinit2.o)
    0x08000162   0x08000162   0x00000000   Code   RO         4405    .ARM.Collect$$libinit$$0000001D  c_w.l(libinit2.o)
    0x08000162   0x08000162   0x00000000   Code   RO         4407    .ARM.Collect$$libinit$$0000001F  c_w.l(libinit2.o)
    0x08000162   0x08000162   0x00000000   Code   RO         4409    .ARM.Collect$$libinit$$00000021  c_w.l(libinit2.o)
    0x08000162   0x08000162   0x00000000   Code   RO         4411    .ARM.Collect$$libinit$$00000023  c_w.l(libinit2.o)
    0x08000162   0x08000162   0x00000000   Code   RO         4413    .ARM.Collect$$libinit$$00000025  c_w.l(libinit2.o)
    0x08000162   0x08000162   0x00000000   Code   RO         4417    .ARM.Collect$$libinit$$0000002C  c_w.l(libinit2.o)
    0x08000162   0x08000162   0x00000000   Code   RO         4419    .ARM.Collect$$libinit$$0000002E  c_w.l(libinit2.o)
    0x08000162   0x08000162   0x00000000   Code   RO         4421    .ARM.Collect$$libinit$$00000030  c_w.l(libinit2.o)
    0x08000162   0x08000162   0x00000000   Code   RO         4423    .ARM.Collect$$libinit$$00000032  c_w.l(libinit2.o)
    0x08000162   0x08000162   0x00000002   Code   RO         4424    .ARM.Collect$$libinit$$00000033  c_w.l(libinit2.o)
    0x08000164   0x08000164   0x00000002   Code   RO         4448    .ARM.Collect$$libshutdown$$00000000  c_w.l(libshutdown.o)
    0x08000166   0x08000166   0x00000000   Code   RO         4461    .ARM.Collect$$libshutdown$$00000002  c_w.l(libshutdown2.o)
    0x08000166   0x08000166   0x00000000   Code   RO         4463    .ARM.Collect$$libshutdown$$00000004  c_w.l(libshutdown2.o)
    0x08000166   0x08000166   0x00000000   Code   RO         4466    .ARM.Collect$$libshutdown$$00000007  c_w.l(libshutdown2.o)
    0x08000166   0x08000166   0x00000000   Code   RO         4469    .ARM.Collect$$libshutdown$$0000000A  c_w.l(libshutdown2.o)
    0x08000166   0x08000166   0x00000000   Code   RO         4471    .ARM.Collect$$libshutdown$$0000000C  c_w.l(libshutdown2.o)
    0x08000166   0x08000166   0x00000000   Code   RO         4474    .ARM.Collect$$libshutdown$$0000000F  c_w.l(libshutdown2.o)
    0x08000166   0x08000166   0x00000002   Code   RO         4475    .ARM.Collect$$libshutdown$$00000010  c_w.l(libshutdown2.o)
    0x08000168   0x08000168   0x00000000   Code   RO         4278    .ARM.Collect$$rtentry$$00000000  c_w.l(__rtentry.o)
    0x08000168   0x08000168   0x00000000   Code   RO         4338    .ARM.Collect$$rtentry$$00000002  c_w.l(__rtentry2.o)
    0x08000168   0x08000168   0x00000006   Code   RO         4350    .ARM.Collect$$rtentry$$00000004  c_w.l(__rtentry4.o)
    0x0800016e   0x0800016e   0x00000000   Code   RO         4340    .ARM.Collect$$rtentry$$00000009  c_w.l(__rtentry2.o)
    0x0800016e   0x0800016e   0x00000004   Code   RO         4341    .ARM.Collect$$rtentry$$0000000A  c_w.l(__rtentry2.o)
    0x08000172   0x08000172   0x00000000   Code   RO         4343    .ARM.Collect$$rtentry$$0000000C  c_w.l(__rtentry2.o)
    0x08000172   0x08000172   0x00000008   Code   RO         4344    .ARM.Collect$$rtentry$$0000000D  c_w.l(__rtentry2.o)
    0x0800017a   0x0800017a   0x00000002   Code   RO         4378    .ARM.Collect$$rtexit$$00000000  c_w.l(rtexit.o)
    0x0800017c   0x0800017c   0x00000000   Code   RO         4428    .ARM.Collect$$rtexit$$00000002  c_w.l(rtexit2.o)
    0x0800017c   0x0800017c   0x00000004   Code   RO         4429    .ARM.Collect$$rtexit$$00000003  c_w.l(rtexit2.o)
    0x08000180   0x08000180   0x00000006   Code   RO         4430    .ARM.Collect$$rtexit$$00000004  c_w.l(rtexit2.o)
    0x08000186   0x08000186   0x00000002   PAD
    0x08000188   0x08000188   0x00000040   Code   RO            4    .text               startup_stm32f10x_md.o
    0x080001c8   0x080001c8   0x00000024   Code   RO         4198    .text               c_w.l(strstr.o)
    0x080001ec   0x080001ec   0x0000008a   Code   RO         4200    .text               c_w.l(rt_memcpy_v6.o)
    0x08000276   0x08000276   0x00000044   Code   RO         4202    .text               c_w.l(rt_memclr.o)
    0x080002ba   0x080002ba   0x00000006   Code   RO         4204    .text               c_w.l(heapauxi.o)
    0x080002c0   0x080002c0   0x00000016   Code   RO         4279    .text               c_w.l(_rserrno.o)
    0x080002d6   0x080002d6   0x00000064   Code   RO         4281    .text               c_w.l(rt_memcpy_w.o)
    0x0800033a   0x0800033a   0x0000004e   Code   RO         4283    .text               c_w.l(rt_memclr_w.o)
    0x08000388   0x08000388   0x00000008   Code   RO         4355    .text               c_w.l(rt_errno_addr_intlibspace.o)
    0x08000390   0x08000390   0x00000008   Code   RO         4363    .text               c_w.l(libspace.o)
    0x08000398   0x08000398   0x0000004a   Code   RO         4366    .text               c_w.l(sys_stackheap_outer.o)
    0x080003e2   0x080003e2   0x00000012   Code   RO         4368    .text               c_w.l(exit.o)
    0x080003f4   0x080003f4   0x0000000c   Code   RO         4440    .text               c_w.l(sys_exit.o)
    0x08000400   0x08000400   0x00000002   Code   RO         4451    .text               c_w.l(use_no_semi.o)
    0x08000402   0x08000402   0x00000000   Code   RO         4453    .text               c_w.l(indicate_semi.o)
    0x08000402   0x08000402   0x00000002   PAD
    0x08000404   0x08000404   0x0000004c   Code   RO         3873    i.ATGM_StructInit   atgm336h.o
    0x08000450   0x08000450   0x000003f8   Code   RO         4180    i.BTDataCon         bluetooth.o
    0x08000848   0x08000848   0x00000004   Code   RO         3357    i.BusFault_Handler  stm32f10x_it.o
    0x0800084c   0x0800084c   0x000001c8   Code   RO         4077    i.Calculate_Azimuth  azimuth.o
    0x08000a14   0x08000a14   0x000000b8   Code   RO         4158    i.DMA1_Channel5_IRQHandler  mydma.o
    0x08000acc   0x08000acc   0x0000001c   Code   RO          910    i.DMA_ClearITPendingBit  stm32f10x_dma.o
    0x08000ae8   0x08000ae8   0x00000018   Code   RO          911    i.DMA_Cmd           stm32f10x_dma.o
    0x08000b00   0x08000b00   0x0000002c   Code   RO          915    i.DMA_GetITStatus   stm32f10x_dma.o
    0x08000b2c   0x08000b2c   0x00000012   Code   RO          916    i.DMA_ITConfig      stm32f10x_dma.o
    0x08000b3e   0x08000b3e   0x0000003c   Code   RO          917    i.DMA_Init          stm32f10x_dma.o
    0x08000b7a   0x08000b7a   0x00000002   PAD
    0x08000b7c   0x08000b7c   0x000002b8   Code   RO         3874    i.DataConvet        atgm336h.o
    0x08000e34   0x08000e34   0x000000d0   Code   RO         3875    i.DataPrase         atgm336h.o
    0x08000f04   0x08000f04   0x00000002   Code   RO         3358    i.DebugMon_Handler  stm32f10x_it.o
    0x08000f06   0x08000f06   0x00000018   Code   RO         3196    i.Delay_ms          delay.o
    0x08000f1e   0x08000f1e   0x0000002e   Code   RO         3198    i.Delay_us          delay.o
    0x08000f4c   0x08000f4c   0x00000116   Code   RO         1347    i.GPIO_Init         stm32f10x_gpio.o
    0x08001062   0x08001062   0x0000000a   Code   RO         1358    i.GPIO_WriteBit     stm32f10x_gpio.o
    0x0800106c   0x0800106c   0x00000004   Code   RO         3359    i.HardFault_Handler  stm32f10x_it.o
    0x08001070   0x08001070   0x00000018   Code   RO         1459    i.I2C_AcknowledgeConfig  stm32f10x_i2c.o
    0x08001088   0x08001088   0x0000002a   Code   RO         1461    i.I2C_CheckEvent    stm32f10x_i2c.o
    0x080010b2   0x080010b2   0x00000018   Code   RO         1471    i.I2C_GenerateSTART  stm32f10x_i2c.o
    0x080010ca   0x080010ca   0x00000018   Code   RO         1472    i.I2C_GenerateSTOP  stm32f10x_i2c.o
    0x080010e2   0x080010e2   0x00000008   Code   RO         1483    i.I2C_ReceiveData   stm32f10x_i2c.o
    0x080010ea   0x080010ea   0x00000012   Code   RO         1485    i.I2C_Send7bitAddress  stm32f10x_i2c.o
    0x080010fc   0x080010fc   0x00000004   Code   RO         1486    i.I2C_SendData      stm32f10x_i2c.o
    0x08001100   0x08001100   0x0000002c   Code   RO         3457    i.Key_Init          key.o
    0x0800112c   0x0800112c   0x000000ac   Code   RO         4104    i.MPU6050_GetData   mpu6050.o
    0x080011d8   0x080011d8   0x000000bc   Code   RO         4107    i.MPU6050_ReadReg   mpu6050.o
    0x08001294   0x08001294   0x00000004   Code   RO         3360    i.MemManage_Handler  stm32f10x_it.o
    0x08001298   0x08001298   0x00000002   Code   RO         3361    i.NMI_Handler       stm32f10x_it.o
    0x0800129a   0x0800129a   0x00000002   PAD
    0x0800129c   0x0800129c   0x00000070   Code   RO          137    i.NVIC_Init         misc.o
    0x0800130c   0x0800130c   0x00000014   Code   RO          138    i.NVIC_PriorityGroupConfig  misc.o
    0x08001320   0x08001320   0x0000002a   Code   RO         3477    i.OLED_Clear        oled.o
    0x0800134a   0x0800134a   0x00000002   PAD
    0x0800134c   0x0800134c   0x00000050   Code   RO         3478    i.OLED_I2C_Init     oled.o
    0x0800139c   0x0800139c   0x00000054   Code   RO         3479    i.OLED_I2C_SendByte  oled.o
    0x080013f0   0x080013f0   0x00000034   Code   RO         3480    i.OLED_I2C_Start    oled.o
    0x08001424   0x08001424   0x00000028   Code   RO         3481    i.OLED_I2C_Stop     oled.o
    0x0800144c   0x0800144c   0x000000ae   Code   RO         3482    i.OLED_Init         oled.o
    0x080014fa   0x080014fa   0x00000014   Code   RO         3483    i.OLED_Pow          oled.o
    0x0800150e   0x0800150e   0x00000022   Code   RO         3484    i.OLED_SetCursor    oled.o
    0x08001530   0x08001530   0x00000074   Code   RO         3486    i.OLED_ShowChar     oled.o
    0x080015a4   0x080015a4   0x00000044   Code   RO         3488    i.OLED_ShowNum      oled.o
    0x080015e8   0x080015e8   0x00000028   Code   RO         3490    i.OLED_ShowString   oled.o
    0x08001610   0x08001610   0x00000020   Code   RO         3491    i.OLED_WriteCommand  oled.o
    0x08001630   0x08001630   0x00000020   Code   RO         3492    i.OLED_WriteData    oled.o
    0x08001650   0x08001650   0x00000098   Code   RO         3668    i.PWM_Init          pwm.o
    0x080016e8   0x080016e8   0x00000010   Code   RO         3669    i.PWM_SetCompare2   pwm.o
    0x080016f8   0x080016f8   0x00000002   Code   RO         3362    i.PendSV_Handler    stm32f10x_it.o
    0x080016fa   0x080016fa   0x00000002   PAD
    0x080016fc   0x080016fc   0x00000194   Code   RO         4110    i.Pose_Calculating  mpu6050.o
    0x08001890   0x08001890   0x00000020   Code   RO         1774    i.RCC_AHBPeriphClockCmd  stm32f10x_rcc.o
    0x080018b0   0x080018b0   0x00000020   Code   RO         1775    i.RCC_APB1PeriphClockCmd  stm32f10x_rcc.o
    0x080018d0   0x080018d0   0x00000020   Code   RO         1777    i.RCC_APB2PeriphClockCmd  stm32f10x_rcc.o
    0x080018f0   0x080018f0   0x000000d4   Code   RO         1785    i.RCC_GetClocksFreq  stm32f10x_rcc.o
    0x080019c4   0x080019c4   0x00000002   Code   RO         3363    i.SVC_Handler       stm32f10x_it.o
    0x080019c6   0x080019c6   0x00000002   PAD
    0x080019c8   0x080019c8   0x0000010c   Code   RO         4159    i.Serial1_AD_Init   mydma.o
    0x08001ad4   0x08001ad4   0x000000b4   Code   RO         3908    i.Serial2_Init      serial.o
    0x08001b88   0x08001b88   0x00000008   Code   RO         3769    i.Servo_Init        servo.o
    0x08001b90   0x08001b90   0x00000048   Code   RO         3770    i.Servo_SetAngle    servo.o
    0x08001bd8   0x08001bd8   0x00000008   Code   RO           24    i.SetSysClock       system_stm32f10x.o
    0x08001be0   0x08001be0   0x000000e0   Code   RO           25    i.SetSysClockTo72   system_stm32f10x.o
    0x08001cc0   0x08001cc0   0x00000002   Code   RO         3364    i.SysTick_Handler   stm32f10x_it.o
    0x08001cc2   0x08001cc2   0x00000002   PAD
    0x08001cc4   0x08001cc4   0x00000060   Code   RO           27    i.SystemInit        system_stm32f10x.o
    0x08001d24   0x08001d24   0x00000018   Code   RO         2421    i.TIM_Cmd           stm32f10x_tim.o
    0x08001d3c   0x08001d3c   0x0000000c   Code   RO         2448    i.TIM_InternalClockConfig  stm32f10x_tim.o
    0x08001d48   0x08001d48   0x000000a4   Code   RO         2455    i.TIM_OC2Init       stm32f10x_tim.o
    0x08001dec   0x08001dec   0x00000014   Code   RO         2468    i.TIM_OCStructInit  stm32f10x_tim.o
    0x08001e00   0x08001e00   0x00000004   Code   RO         2483    i.TIM_SetCompare2   stm32f10x_tim.o
    0x08001e04   0x08001e04   0x000000a4   Code   RO         2492    i.TIM_TimeBaseInit  stm32f10x_tim.o
    0x08001ea8   0x08001ea8   0x00000098   Code   RO         3914    i.USART2_IRQHandler  serial.o
    0x08001f40   0x08001f40   0x0000001e   Code   RO         2957    i.USART_ClearITPendingBit  stm32f10x_usart.o
    0x08001f5e   0x08001f5e   0x00000018   Code   RO         2960    i.USART_Cmd         stm32f10x_usart.o
    0x08001f76   0x08001f76   0x00000012   Code   RO         2961    i.USART_DMACmd      stm32f10x_usart.o
    0x08001f88   0x08001f88   0x00000054   Code   RO         2964    i.USART_GetITStatus  stm32f10x_usart.o
    0x08001fdc   0x08001fdc   0x0000004a   Code   RO         2966    i.USART_ITConfig    stm32f10x_usart.o
    0x08002026   0x08002026   0x00000002   PAD
    0x08002028   0x08002028   0x000000d8   Code   RO         2967    i.USART_Init        stm32f10x_usart.o
    0x08002100   0x08002100   0x0000000a   Code   RO         2974    i.USART_ReceiveData  stm32f10x_usart.o
    0x0800210a   0x0800210a   0x00000004   Code   RO         3365    i.UsageFault_Handler  stm32f10x_it.o
    0x0800210e   0x0800210e   0x00000028   Code   RO         4359    i.__ARM_fpclassify  m_ws.l(fpclassify.o)
    0x08002136   0x08002136   0x00000002   PAD
    0x08002138   0x08002138   0x00000388   Code   RO         4326    i.__ieee754_rem_pio2  m_ws.l(rred.o)
    0x080024c0   0x080024c0   0x000000fc   Code   RO         4308    i.__kernel_cos      m_ws.l(cos_i.o)
    0x080025bc   0x080025bc   0x000000aa   Code   RO         4361    i.__kernel_poly     m_ws.l(poly.o)
    0x08002666   0x08002666   0x00000002   PAD
    0x08002668   0x08002668   0x000000ec   Code   RO         4331    i.__kernel_sin      m_ws.l(sin_i.o)
    0x08002754   0x08002754   0x00000006   Code   RO         4312    i.__mathlib_dbl_infnan  m_ws.l(dunder.o)
    0x0800275a   0x0800275a   0x00000004   Code   RO         4313    i.__mathlib_dbl_infnan2  m_ws.l(dunder.o)
    0x0800275e   0x0800275e   0x0000000c   Code   RO         4314    i.__mathlib_dbl_invalid  m_ws.l(dunder.o)
    0x0800276a   0x0800276a   0x00000002   PAD
    0x0800276c   0x0800276c   0x00000010   Code   RO         4317    i.__mathlib_dbl_underflow  m_ws.l(dunder.o)
    0x0800277c   0x0800277c   0x00000220   Code   RO         4299    i.atan              m_ws.l(atan.o)
    0x0800299c   0x0800299c   0x00000180   Code   RO         4247    i.atan2             m_ws.l(atan2.o)
    0x08002b1c   0x08002b1c   0x0000009c   Code   RO         4255    i.cos               m_ws.l(cos.o)
    0x08002bb8   0x08002bb8   0x00000168   Code   RO         3220    i.main              main.o
    0x08002d20   0x08002d20   0x000000a0   Code   RO         4263    i.sin               m_ws.l(sin.o)
    0x08002dc0   0x08002dc0   0x0000004c   Code   RO         4271    i.sqrt              m_ws.l(sqrt.o)
    0x08002e0c   0x08002e0c   0x00000062   Code   RO         4208    x$fpl$d2f           fz_ws.l(d2f.o)
    0x08002e6e   0x08002e6e   0x00000002   PAD
    0x08002e70   0x08002e70   0x00000150   Code   RO         4210    x$fpl$dadd          fz_ws.l(daddsub_clz.o)
    0x08002fc0   0x08002fc0   0x00000010   Code   RO         4376    x$fpl$dcheck1       fz_ws.l(dcheck1.o)
    0x08002fd0   0x08002fd0   0x00000018   Code   RO         4285    x$fpl$dcmpinf       fz_ws.l(dcmpi.o)
    0x08002fe8   0x08002fe8   0x000002b0   Code   RO         4217    x$fpl$ddiv          fz_ws.l(ddiv.o)
    0x08003298   0x08003298   0x0000005e   Code   RO         4220    x$fpl$dfix          fz_ws.l(dfix.o)
    0x080032f6   0x080032f6   0x00000002   PAD
    0x080032f8   0x080032f8   0x0000005a   Code   RO         4224    x$fpl$dfixu         fz_ws.l(dfixu.o)
    0x08003352   0x08003352   0x0000002e   Code   RO         4229    x$fpl$dflt          fz_ws.l(dflt_clz.o)
    0x08003380   0x08003380   0x00000026   Code   RO         4228    x$fpl$dfltu         fz_ws.l(dflt_clz.o)
    0x080033a6   0x080033a6   0x00000002   PAD
    0x080033a8   0x080033a8   0x00000078   Code   RO         4234    x$fpl$dleqf         fz_ws.l(dleqf.o)
    0x08003420   0x08003420   0x00000154   Code   RO         4236    x$fpl$dmul          fz_ws.l(dmul.o)
    0x08003574   0x08003574   0x0000009c   Code   RO         4287    x$fpl$dnaninf       fz_ws.l(dnaninf.o)
    0x08003610   0x08003610   0x0000000c   Code   RO         4289    x$fpl$dretinf       fz_ws.l(dretinf.o)
    0x0800361c   0x0800361c   0x0000006c   Code   RO         4238    x$fpl$drleqf        fz_ws.l(drleqf.o)
    0x08003688   0x08003688   0x00000016   Code   RO         4211    x$fpl$drsb          fz_ws.l(daddsub_clz.o)
    0x0800369e   0x0800369e   0x00000002   PAD
    0x080036a0   0x080036a0   0x000001cc   Code   RO         4291    x$fpl$dsqrt         fz_ws.l(dsqrt_noumaal.o)
    0x0800386c   0x0800386c   0x000001d4   Code   RO         4212    x$fpl$dsub          fz_ws.l(daddsub_clz.o)
    0x08003a40   0x08003a40   0x0000003e   Code   RO         4240    x$fpl$ffixu         fz_ws.l(ffixu.o)
    0x08003a7e   0x08003a7e   0x00000002   PAD
    0x08003a80   0x08003a80   0x00000102   Code   RO         4244    x$fpl$fmul          fz_ws.l(fmul.o)
    0x08003b82   0x08003b82   0x0000008c   Code   RO         4293    x$fpl$fnaninf       fz_ws.l(fnaninf.o)
    0x08003c0e   0x08003c0e   0x0000000a   Code   RO         4295    x$fpl$fretinf       fz_ws.l(fretinf.o)
    0x08003c18   0x08003c18   0x00000064   Code   RO         4425    x$fpl$retnan        fz_ws.l(retnan.o)
    0x08003c7c   0x08003c7c   0x0000005c   Code   RO         4357    x$fpl$scalbn        fz_ws.l(scalbn.o)
    0x08003cd8   0x08003cd8   0x00000030   Code   RO         4438    x$fpl$trapveneer    fz_ws.l(trapv.o)
    0x08003d08   0x08003d08   0x00000000   Code   RO         4297    x$fpl$usenofp       fz_ws.l(usenofp.o)
    0x08003d08   0x08003d08   0x000005f0   Data   RO         3493    .constdata          oled.o
    0x080042f8   0x080042f8   0x00000098   Data   RO         4300    .constdata          m_ws.l(atan.o)
    0x08004390   0x08004390   0x00000030   Data   RO         4309    .constdata          m_ws.l(cos_i.o)
    0x080043c0   0x080043c0   0x00000008   Data   RO         4325    .constdata          m_ws.l(qnan.o)
    0x080043c8   0x080043c8   0x000000c8   Data   RO         4328    .constdata          m_ws.l(rred.o)
    0x08004490   0x08004490   0x00000028   Data   RO         4332    .constdata          m_ws.l(sin_i.o)
    0x080044b8   0x080044b8   0x00000020   Data   RO         4506    Region$$Table       anon$$obj.o


    Execution Region RW_IRAM1 (Exec base: 0x20000000, Load base: 0x080044d8, Size: 0x000008a0, Max: 0x00005000, ABSOLUTE)

    Exec Addr    Load Addr    Size         Type   Attr      Idx    E Section Name        Object

    0x20000000   0x080044d8   0x00000014   Data   RW         1805    .data               stm32f10x_rcc.o
    0x20000014   0x080044ec   0x0000000c   Data   RW         3221    .data               main.o
    0x20000020   0x080044f8   0x00000010   Data   RW         3877    .data               atgm336h.o
    0x20000030   0x08004508   0x0000000f   Data   RW         3916    .data               serial.o
    0x2000003f   0x08004517   0x00000001   Data   RW         4078    .data               azimuth.o
    0x20000040   0x08004518   0x00000008   Data   RW         4111    .data               mpu6050.o
    0x20000048   0x08004520   0x00000002   Data   RW         4161    .data               mydma.o
    0x2000004a   0x08004522   0x00000002   PAD
    0x2000004c        -       0x0000010f   Zero   RW         3876    .bss                atgm336h.o
    0x2000015b        -       0x000000de   Zero   RW         4160    .bss                mydma.o
    0x20000239   0x08004522   0x00000003   PAD
    0x2000023c        -       0x00000060   Zero   RW         4364    .bss                c_w.l(libspace.o)
    0x2000029c   0x08004522   0x00000004   PAD
    0x200002a0        -       0x00000200   Zero   RW            2    HEAP                startup_stm32f10x_md.o
    0x200004a0        -       0x00000400   Zero   RW            1    STACK               startup_stm32f10x_md.o


==============================================================================

Image component sizes


      Code (inc. data)   RO Data    RW Data    ZI Data      Debug   Object Name

       980         48          0         16        271       3198   atgm336h.o
       456         30          0          1          0       1266   azimuth.o
      1016         32          0          0          0       1140   bluetooth.o
         0          0          0          0          0       4508   core_cm3.o
        70          0          0          0          0        922   delay.o
        44          4          0          0          0        455   key.o
       360         62          0         12          0     228407   main.o
       132         22          0          0          0     204735   misc.o
       764         46          0          8          0       2976   mpu6050.o
       452         36          0          2        222       2125   mydma.o
       814         22       1520          0          0      15801   oled.o
       168          6          0          0          0      29753   pwm.o
       332         28          0         15          0     219859   serial.o
        80         14          0          0          0        890   servo.o
        64         26        236          0       1536        816   startup_stm32f10x_md.o
       174         18          0          0          0      14042   stm32f10x_dma.o
       288          0          0          0          0      10732   stm32f10x_gpio.o
       144          0          0          0          0      13235   stm32f10x_i2c.o
        26          0          0          0          0       3710   stm32f10x_it.o
       308         38          0         20          0      13482   stm32f10x_rcc.o
       388         52          0          0          0      24062   stm32f10x_tim.o
       456          6          0          0          0      11915   stm32f10x_usart.o
       328         28          0          0          0      18861   system_stm32f10x.o

    ----------------------------------------------------------------------
      7858        518       1788         76       2032     826890   Object Totals
         0          0         32          0          0          0   (incl. Generated)
        14          0          0          2          3          0   (incl. Padding)

    ----------------------------------------------------------------------

      Code (inc. data)   RO Data    RW Data    ZI Data      Debug   Library Member Name

         8          0          0          0          0         68   __main.o
         0          0          0          0          0          0   __rtentry.o
        12          0          0          0          0          0   __rtentry2.o
         6          0          0          0          0          0   __rtentry4.o
        52          8          0          0          0          0   __scatter.o
        26          0          0          0          0          0   __scatter_copy.o
        28          0          0          0          0          0   __scatter_zi.o
        22          0          0          0          0        100   _rserrno.o
        18          0          0          0          0         80   exit.o
         6          0          0          0          0        152   heapauxi.o
         0          0          0          0          0          0   indicate_semi.o
         2          0          0          0          0          0   libinit.o
         2          0          0          0          0          0   libinit2.o
         2          0          0          0          0          0   libshutdown.o
         2          0          0          0          0          0   libshutdown2.o
         8          4          0          0         96         68   libspace.o
         8          4          0          0          0         68   rt_errno_addr_intlibspace.o
        68          0          0          0          0         68   rt_memclr.o
        78          0          0          0          0         80   rt_memclr_w.o
       138          0          0          0          0         68   rt_memcpy_v6.o
       100          0          0          0          0         80   rt_memcpy_w.o
         2          0          0          0          0          0   rtexit.o
        10          0          0          0          0          0   rtexit2.o
        36          0          0          0          0         80   strstr.o
        12          4          0          0          0         68   sys_exit.o
        74          0          0          0          0         80   sys_stackheap_outer.o
         2          0          0          0          0         68   use_no_semi.o
        98          4          0          0          0         92   d2f.o
       826         16          0          0          0        348   daddsub_clz.o
        16          4          0          0          0         68   dcheck1.o
        24          0          0          0          0         68   dcmpi.o
       688        140          0          0          0        208   ddiv.o
        94          4          0          0          0         92   dfix.o
        90          4          0          0          0         92   dfixu.o
        84          0          0          0          0        136   dflt_clz.o
       120          4          0          0          0         92   dleqf.o
       340         12          0          0          0        104   dmul.o
       156          4          0          0          0         92   dnaninf.o
        12          0          0          0          0         68   dretinf.o
       108          0          0          0          0         80   drleqf.o
       460         56          0          0          0        120   dsqrt_noumaal.o
        62          4          0          0          0         84   ffixu.o
       258          4          0          0          0         84   fmul.o
       140          4          0          0          0         84   fnaninf.o
        10          0          0          0          0         68   fretinf.o
       100          0          0          0          0         68   retnan.o
        92          0          0          0          0         68   scalbn.o
        48          0          0          0          0         68   trapv.o
         0          0          0          0          0          0   usenofp.o
       544         70        152          0          0        124   atan.o
       384         38          0          0          0        144   atan2.o
       156          8          0          0          0        104   cos.o
       252         22         48          0          0        124   cos_i.o
        38          6          0          0          0        272   dunder.o
        40          0          0          0          0         68   fpclassify.o
       170          0          0          0          0         96   poly.o
         0          0          8          0          0          0   qnan.o
       904         76        200          0          0        140   rred.o
       160         10          0          0          0        108   sin.o
       236         12         40          0          0        128   sin_i.o
        76          0          0          0          0         84   sqrt.o

    ----------------------------------------------------------------------
      7530        522        448          0        100       4704   Library Totals
        22          0          0          0          4          0   (incl. Padding)

    ----------------------------------------------------------------------

      Code (inc. data)   RO Data    RW Data    ZI Data      Debug   Library Name

       722         20          0          0         96       1128   c_w.l
      3826        260          0          0          0       2184   fz_ws.l
      2960        242        448          0          0       1392   m_ws.l

    ----------------------------------------------------------------------
      7530        522        448          0        100       4704   Library Totals

    ----------------------------------------------------------------------

==============================================================================


      Code (inc. data)   RO Data    RW Data    ZI Data      Debug   

     15388       1040       2236         76       2132     825246   Grand Totals
     15388       1040       2236         76       2132     825246   ELF Image Totals
     15388       1040       2236         76          0          0   ROM Totals

==============================================================================

    Total RO  Size (Code + RO Data)                17624 (  17.21kB)
    Total RW  Size (RW Data + ZI Data)              2208 (   2.16kB)
    Total ROM Size (Code + RO Data + RW Data)      17700 (  17.29kB)

==============================================================================

